     --------------------------------- VCE 5.1.2  -----------------------------------
     16.10.2007  14:21:31            fuvz_ffl.vce                              page 1
 
 
 
    ********************************************************************************
    *                    T R A I T S   A N D   E F F E C T S                       *
    ********************************************************************************
 
    Code Trait name  List of effects
    ________________________________________________________________________________
      1 fuvz        pelm      sex       abt       bg        animal
      2 ffl                   sex       abt       bg        animal    skmw
 
    ********************************************************************************
    *               E F F E C T S   A N D   C O V A R I A N C E S                  *
    ********************************************************************************
 
    Code   Effect name Type Length Level Start COVARIANCE  Type Length Level Start Pattern
    ______________________________________________________________________________________
       1   pelm       :  F     1      1      1
       2   sex        :  F     2      3      2
       3   abt        :  F     2      3      8
       4   bg         :  F     2    360     14
       5   animal     :  A     2  36408    734  animal     :  A     2      1      1 T T
       6   skmw       :  F     1      1  73550
                                                residual   :  E     2      1      2 T T
    ________________________________________________________________________________
 
    ********************************************************************************
    *                    G E N E R A L  I N F O R M A T I O N                      *
    ********************************************************************************
 
    VCE was started on :  at Tue Oct 16 14:21:31 2007 by: b08mueul
 
    Comments:
    ________________________________________________________________________________
    |                 ************************************************             |
    |                 *                     VCE-5                    *             |
    |                 *                 version 5.1.2                *             |
    |                 *            17-Dez-2003   14:42:53            *             |
    |                 *         Linux 2.6.0-test11-bk11 i686         *             |
    |                 *                  written by                  *             |
    |                 *       Milena Kovac, Eildert Groeneveld       *             |
    |                 *           and Alberto Garcia-Cortez          *             |
    |                 ************************************************             |
    | test mastitis                                                                |
    ________________________________________________________________________________
 
    Files involved
    ________________________________________________________________________________
    Current directory                  : /home/b08mueul/apiis/apiis-kurs/leicoma/zwisss/mslmr
    Parameter file                     : fuvz_ffl.vce
    Data input file                    : blupdata.txt.vce
    Pedigree input file                : blupped.txt.vce
    Log list file                      : fuvz_ffl.vce.lst
    Covariances for dumped into        : fuvz_ffl.vce.cov-bin
    Covariance matrices written in     : fuvz_ffl.vce.cov-fmt
 
    ********************************************************************************
    *                       D A T A  I N F O R M A T I O N                         *
    ********************************************************************************
 
    General statistics
    ___________________________________________________________________
 
    Variables   # rec.      min.        max.        avg.        std.
    ___________________________________________________________________
    fuvz         2156    37.80000   434.00000   215.05533    33.57847
    ffl          1746    10.60000    43.71000    21.89962     4.50922
    pelm         2189    40.00000   135.00000   112.06702     8.05757
    skmw         2189     0.00000   112.80000    72.36962    34.05195
    ___________________________________________________________________
 
    Pattern of traits
    ________________________________
     Count          fuvz       ffl
    ________________________________
       1713        x         x
        443        x         -
         33        -         x
         33        -         x
    ________________________________

     --------------------------------- VCE 5.1.2  -----------------------------------
     16.10.2007  14:21:31            fuvz_ffl.vce                              page 2
 
 
    ********************************************************************************
    *                  P E D I G R E E   I N F O R M A T I O N                     *
    ********************************************************************************
 
    Inbreeding             # of animals
    ________________________________________________________________________________
        0                   36408
    ________________________________________________________________________________
    Number of inbred animals           :            0
    Average inbreeding (inbred animals):         0.00
    Maximum inbreeding                 :         0.00
 
    ********************************************************************************
    *         C O V A R I A N C E   M A T R I X   I N F O R M A T I O N            *
    ********************************************************************************
 
    The following (co)variance matrices will be estimated (starting values):
 
    ----------------------------- Matrices: NATURAL  -------------------------------
        5  1  1 A  animal                          36408 T T
              0.5638E+03  0.5353E+01
                          0.1022E+02
 
        7  2  1 E  residual                        1713 T T
              0.5638E+03  0.5353E+01
                          0.1022E+02
 
    ________________________________________________________________________________
    ----------------------------- Matrices: RATIOS  --------------------------------
        5  1  1 A  animal                        
              0.5000E+00  0.7053E-01
                          0.5000E+00
 
        7  2  1 E  residual                      
              0.5000E+00  0.7053E-01
                          0.5000E+00
 
    ________________________________________________________________________________
    Thus, optimization is in 6 dimensions.
 
    ********************************************************************************
    *                      M O D E L  I N F O R M A T I O N                        *
    ********************************************************************************
 
    Factor     within     T Levels Skip       fuvz       ffl
    ________________________________________________________________________________
    pelm                  F      1               1         -
    sex                   F      3               1         1
    abt                   F      3               1         1
    bg                    F    360               1         1
    animal                A  36408               1         1
    skmw                  F      1               -         1
    ________________________________________________________________________________
    Non zero coefficients stored       :      50000, filled:   0.2% hit rate:    1.0 at line:    50000
 
    ********************************************************************************
    *                       S E T T I N G    U P    M M E                          *
    ********************************************************************************
 
    Non zero coefficients stored       :     100000, filled:   0.3% hit rate:    1.0 at line:     1609
    Non zero coefficients stored       :     150000, filled:   0.5% hit rate:    1.0 at line:     6757
    Non zero coefficients stored       :     200000, filled:   0.6% hit rate:    1.0 at line:    15197
    Non zero coefficients stored       :     250000, filled:   0.8% hit rate:    1.0 at line:    21286
    All non zeros are loaded           :       269728
    Number of equations                :        73550
    Filling rate of LHS storage space  :       0.8546
    Hit rate by setting up LHS         :       1.0020
    Zero diagonal coefficients stored  :           62
    IS - allocated for ordering with   :     80000000
    Dimension of equation system       :        73550
    Rank of equation system            :        73484
    Time for solving MME (h:min:sec)   :      0:00:02
    Time for inversion (h:min:sec)     :      0:00:02
 
    ********************************************************************************
    *         C O E F F I C I E N T  M A T R I X  I N F O R M A T I O N            *
    ********************************************************************************
 
    Setting up mixed model equations
    ________________________________________________________________________________
    Machine precision (tolerance)      : 0.222045E-15
    Warning theshold on inv. (A-1A)-I  : 0.100000E-06
    Traits transformed. See option     :  all  all
    Covariates transformed. See options:  avg  avg
    Number of equations                :        73550
    Rank of the system                 :        73484
    Equations set to zero              :  abt/3 abt/4 abt/5 abt/6 bg/1 bg/2 bg/26 bg/76 bg/134
                                       : bg/178 bg/180 bg/186 bg/188 bg/192 bg/202 bg/210
                                       : bg/214 bg/216 bg/220 bg/226 bg/232 bg/234 bg/238
                                       : bg/240 bg/242 bg/244 bg/246 bg/263 bg/280 bg/282
                                       : bg/296 bg/304 bg/310 bg/316 bg/318 bg/324 bg/326
                                       : bg/328 bg/330 bg/332 bg/338 bg/408 bg/410 bg/412
                                       : bg/414 bg/418 bg/420 bg/422 bg/424 bg/426 bg/432
                                       : bg/434 bg/436 bg/440 bg/441 bg/445 bg/450 bg/454
                                       : bg/458 bg/469 bg/538 bg/541 bg/549 bg/566 bg/648
                                       : bg/694
    # of nonzero coefficients (HS)     :       269728
    Fill of coefficient matrix         :        0.005
    # of NZE in factor                 :       211440
    Total storage required             :      1789124
    Total storage defined (total)      :     80000000
    CPU-time for solving (per rnd)     :      0:00:02
    CPU-time for inverting (per rnd)   :      0:00:02
    MFLOPs during factorization        :        52.09

     --------------------------------- VCE 5.1.2  -----------------------------------
     16.10.2007  14:21:38            fuvz_ffl.vce                              page 3
 
 
    ********************************************************************************
    *         C O E F F I C I E N T  M A T R I X  I N F O R M A T I O N            *
    ********************************************************************************
 
    Setting up mixed model equations
    ________________________________________________________________________________
    Machine precision (tolerance)      : 0.222045E-15
    Warning theshold on inv. (A-1A)-I  : 0.100000E-06
    Traits transformed. See option     :  all  all
    Covariates transformed. See options:  avg  avg
    Number of equations                :        73550
    Rank of the system                 :        73484
    Equations set to zero              :  abt/3 abt/4 abt/5 abt/6 bg/1 bg/2 bg/26 bg/76 bg/134
                                       : bg/178 bg/180 bg/186 bg/188 bg/192 bg/202 bg/210
                                       : bg/214 bg/216 bg/220 bg/226 bg/232 bg/234 bg/238
                                       : bg/240 bg/242 bg/244 bg/246 bg/263 bg/280 bg/282
                                       : bg/296 bg/304 bg/310 bg/316 bg/318 bg/324 bg/326
                                       : bg/328 bg/330 bg/332 bg/338 bg/408 bg/410 bg/412
                                       : bg/414 bg/418 bg/420 bg/422 bg/424 bg/426 bg/432
                                       : bg/434 bg/436 bg/440 bg/441 bg/445 bg/450 bg/454
                                       : bg/458 bg/469 bg/538 bg/541 bg/549 bg/566 bg/648
                                       : bg/694
    # of nonzero coefficients (HS)     :       269728
    Fill of coefficient matrix         :        0.005
    # of NZE in factor                 :       211440
    Total storage required             :      1789124
    Total storage defined (total)      :     80000000
    CPU-time for solving (per rnd)     :      0:00:02
    CPU-time for inverting (per rnd)   :      0:00:02
    MFLOPs during factorization        :        52.09
    Non zero coefficients stored       :      50000, filled:   0.2% hit rate:    1.0 at line:    50000
 
    ********************************************************************************
    *                       S E T T I N G    U P    M M E                          *
    ********************************************************************************
 
    Non zero coefficients stored       :     100000, filled:   0.3% hit rate:    1.0 at line:     1920
    Non zero coefficients stored       :     150000, filled:   0.5% hit rate:    1.0 at line:     7847
    Non zero coefficients stored       :     200000, filled:   0.6% hit rate:    1.0 at line:    15952
    Non zero coefficients stored       :     250000, filled:   0.8% hit rate:    1.0 at line:    22377
    All non zeros are loaded           :       264272
    Number of equations                :        73550
    Filling rate of LHS storage space  :       0.8373
    Hit rate by setting up LHS         :       1.0020
    Zero diagonal coefficients stored  :           66
    AG   4.5     1  19984.02     500   0   0   0   0   0   0   0   0 --  500  70 500 500  70 500
    AG   0.9     2  61882.97     309 500   0   0   0   0   0   0   0 --  366-221 314 633-239 685
    AG   0.9     3  57317.12       0 309 500   0   0   0   0   0   0 --  366-222 314 633-239 685
    AG   0.9     4  51545.79       2   0 309 500   0   0   0   0   0 --  366-224 313 633-241 686
    AG   0.9     5  45783.63       5   2   0 309 500   0   0   0   0 --  365-230 310 634-245 689
    AG   0.9     6  39576.51      15   5   2   0 309 500   0   0   0 --  363-246 303 636-256 696
    AG   0.9     7  32548.12      56  15   5   2   0 309 500   0   0 --  358-302 279 641-292 720
    AG   1.1     8  24763.16     400  56  15   5   2   0 309 500   0 --  336-702 176 663-482 823
    AG   0.9     9  21697.35     483 400  56  15   5   2   0 309 500 --  193-294 659 806-553 340
    AG   0.9    10  19209.42     702 483 400  56  15   5   2   0 309 --  639 117 536 360 149 463
    AG   0.9    11  19338.10      70 702 483 400  56  15   5   2   0 --  569 107 530 430 138 469
    AG   1.0    12  19102.47      32  70 702 483 400  56  15   5   2 --  601 113 533 398 144 466
    AG   1.2    13  19089.16      36  32  70 702 483 400  56  15   5 --  614 129 544 385 180 455
    AG   1.2    14  19083.56      55  36  32  70 702 483 400  56  15 --  629 145 564 370 236 435
    AG   0.9    15  19081.51      24  55  36  32  70 702 483 400  56 --  636 143 577 363 261 422
    AG   0.9    16  19072.63     173  24  55  36  32  70 702 483 400 --  687 103 667 312 434 332
    AG   0.9    17  19069.71      68 173  24  55  36  32  70 702 483 --  708  79 699 291 503 300
    AG   0.9    18  19064.07     158  68 173  24  55  36  32  70 702 --  751  16 763 248 661 236
    AG   0.9    19  19062.52      55 158  68 173  24  55  36  32  70 --  756  -8 781 243 717 218
    AG   1.0    20  19061.80      91  55 158  68 173  24  55  36  32 --  764 -36 799 235 808 200
    AG   1.1    21  19060.68      53  91  55 158  68 173  24  55  36 --  752 -54 804 247 861 195
    AG   1.1    22  19058.75     106  53  91  55 158  68 173  24  55 --  716-108 802 283 968 197
    AG   0.9    23  19058.83      36 106  53  91  55 158  68 173  24 --  679-122 798 320 974 201
    AG   1.0    24  19058.27      19  36 106  53  91  55 158  68 173 --  699-115 800 300 971 199
    AG   1.1    25  19057.94      29  19  36 106  53  91  55 158  68 --  684-144 795 315 991 204
    AG   1.0    26  19057.76      15  29  19  36 106  53  91  55 158 --  681-160 794 318 995 205
    AG   0.9    27  19057.70       9  15  29  19  36 106  53  91  55 --  676-169 792 323 997 207
    AG   1.0    28  19057.69       4   9  15  29  19  36 106  53  91 --  674-174 789 325 998 210
    AG   0.9    29  19057.68       2   4   9  15  29  19  36 106  53 --  674-176 787 325 998 212
    AG   0.9    30  19057.66       5   2   4   9  15  29  19  36 106 --  676-180 782 323 999 217
    AG   0.9    31  19057.64       5   5   2   4   9  15  29  19  36 --  681-180 778 318 999 221
    AG   0.9    32  19057.64       3   5   5   2   4   9  15  29  19 --  684-180 776 315 999 223
    AG   1.0    33  19057.64       2   3   5   5   2   4   9  15  29 --  685-178 777 314 999 222
    AG   1.2    34  19057.64       0   2   3   5   5   2   4   9  15 --  685-177 777 314 999 222
    AG   1.2    35  19057.64       0   0   2   3   5   5   2   4   9 --  685-177 777 314 999 222
    AG   0.9    36  19057.64       0   0   0   2   3   5   5   2   4 --  685-177 778 314 999 221
    AG   1.0    37  19057.64       0   0   0   0   2   3   5   5   2 --  685-177 778 314 999 221
    AG   0.9    38  19057.64       0   0   0   0   0   2   3   5   5 --  685-176 779 314 999 220
    AG   0.9    39  19057.64       0   0   0   0   0   0   2   3   5 --  685-176 779 314 999 220
    AG   0.9    40  19057.64       0   0   0   0   0   0   0   2   3 --  686-176 778 313 999 221
    AG   1.0    41  19057.63       0   0   0   0   0   0   0   0   2 --  686-176 778 313 999 221

     --------------------------------- VCE 5.1.2  -----------------------------------
     16.10.2007  14:22:20            fuvz_ffl.vce                              page 4
 
 
    ********************************************************************************
    *                      M O D E L  I N F O R M A T I O N                        *
    ********************************************************************************
 
    Factor     within     T Levels Skip       fuvz       ffl
    ________________________________________________________________________________
    pelm                  F      1               1         -
    sex                   F      3               1         1
    abt                   F      3 .             1         1
    bg                    F    360 .             1         1
    animal                A  36408               1         1
    skmw                  F      1               -         1
    ________________________________________________________________________________
 
    ********************************************************************************
    *         C O E F F I C I E N T  M A T R I X  I N F O R M A T I O N            *
    ********************************************************************************
 
    Setting up mixed model equations
    ________________________________________________________________________________
    Machine precision (tolerance)      : 0.222045E-15
    Warning theshold on inv. (A-1A)-I  : 0.100000E-06
    Traits transformed. See option     :  all  all
    Covariates transformed. See options:  avg  avg
    Number of equations                :        73550
    Rank of the system                 :        73550
    Equations set to zero              :  abt/3 abt/4 abt/5 abt/6 bg/1 bg/2 bg/26 bg/76 bg/134
                                       : bg/178 bg/180 bg/186 bg/188 bg/192 bg/202 bg/210
                                       : bg/214 bg/216 bg/220 bg/226 bg/232 bg/234 bg/238
                                       : bg/240 bg/242 bg/244 bg/246 bg/263 bg/280 bg/282
                                       : bg/296 bg/304 bg/310 bg/316 bg/318 bg/324 bg/326
                                       : bg/328 bg/330 bg/332 bg/338 bg/408 bg/410 bg/412
                                       : bg/414 bg/418 bg/420 bg/422 bg/424 bg/426 bg/432
                                       : bg/434 bg/436 bg/440 bg/441 bg/445 bg/450 bg/454
                                       : bg/458 bg/469 bg/538 bg/541 bg/549 bg/566 bg/648
                                       : bg/694
    # of nonzero coefficients (HS)     :       264272
    Fill of coefficient matrix         :        0.005
    # of NZE in factor                 :       211440
    Total storage required             :      1789124
    Total storage defined (total)      :     80000000
    CPU-time for solving (per rnd)     :      0:00:02
    CPU-time for inverting (per rnd)   :      0:00:44
    MFLOPs during factorization        :        62.01
 
    ********************************************************************************
    *                 E S T I M A T E S   I N F O R M A T I O N                    *
    ********************************************************************************
 
    Tue Oct 16 14:22:20 2007                              CPU time used:     0:00:44
 
    AG Log likelihood :   19057.6350  status :  1   at iteration:      41 /    41
 
 
    ----------------------------- Matrices: NATURAL  -------------------------------
        5  1  1 A  animal                          36408 T T
              0.2680E+03 -0.1018E+02
                          0.1238E+02
 
        7  2  1 E  residual                        1713 T T
              0.1226E+03  0.2077E+02
                          0.3517E+01
 
    --------------------------- Matrices: Phenotypic  ------------------------------
              0.3906E+03  0.1058E+02
                          0.1590E+02
 
    ----------------------------- Matrices: RATIOS  --------------------------------
        5  1  1 A  animal                        
              0.6861E+00 -0.1768E+00
                          0.7788E+00
 
        7  2  1 E  residual                      
              0.3139E+00  0.1000E+01
                          0.2212E+00
 
    ---------------------- Matrices: STD_ERR of components  ------------------------
        5  1  1 A  animal                        
              0.7513E+00  0.5333E+00
                          0.1919E+00
 
        7  2  1 E  residual                      
              0.5328E+00  0.2561E+01
                          0.1435E+00
 
    ------------------------ Matrices: STD_ERR of ratios  --------------------------
        5  1  1 A  animal                        
              0.5078E-01  0.5644E-01
                          0.4251E-01
 
        7  2  1 E  residual                      
              0.5078E-01  0.6720E-04
                          0.4251E-01
 
