     --------------------------------- VCE 5.1.2  -----------------------------------
     16.10.2007  14:20:30             imf_ptz.vce                              page 1
 
 
 
    ********************************************************************************
    *                    T R A I T S   A N D   E F F E C T S                       *
    ********************************************************************************
 
    Code Trait name  List of effects
    ________________________________________________________________________________
      1 imf         skmw      sex       abt       bg        animal
      2 ptz                   sex       abt       bg        animal    pelm      wu
 
    ********************************************************************************
    *               E F F E C T S   A N D   C O V A R I A N C E S                  *
    ********************************************************************************
 
    Code   Effect name Type Length Level Start COVARIANCE  Type Length Level Start Pattern
    ______________________________________________________________________________________
       1   skmw       :  F     1      1      1
       2   sex        :  F     2      3      2
       3   abt        :  F     2      2      8
       4   bg         :  F     2    360     12
       5   animal     :  A     2  36408    732  animal     :  A     2      1      1 T T
       6   pelm       :  F     1      1  73548
       7   wu         :  R     1      5  73549  wu         :  R     1      1      2 T
                                                residual   :  E     2      1      3 T T
    ________________________________________________________________________________
 
    ********************************************************************************
    *                    G E N E R A L  I N F O R M A T I O N                      *
    ********************************************************************************
 
    VCE was started on :  at Tue Oct 16 14:20:30 2007 by: b08mueul
 
    Comments:
    ________________________________________________________________________________
    |                 ************************************************             |
    |                 *                     VCE-5                    *             |
    |                 *                 version 5.1.2                *             |
    |                 *            17-Dez-2003   14:42:53            *             |
    |                 *         Linux 2.6.0-test11-bk11 i686         *             |
    |                 *                  written by                  *             |
    |                 *       Milena Kovac, Eildert Groeneveld       *             |
    |                 *           and Alberto Garcia-Cortez          *             |
    |                 ************************************************             |
    | test mastitis                                                                |
    ________________________________________________________________________________
 
    Files involved
    ________________________________________________________________________________
    Current directory                  : /home/b08mueul/apiis/apiis-kurs/leicoma/zwisss/mslmr
    Parameter file                     : imf_ptz.vce
    Data input file                    : blupdata.txt.vce
    Pedigree input file                : blupped.txt.vce
    Log list file                      : imf_ptz.vce.lst
    Covariances for dumped into        : imf_ptz.vce.cov-bin
    Covariance matrices written in     : imf_ptz.vce.cov-fmt
 
    ********************************************************************************
    *                       D A T A  I N F O R M A T I O N                         *
    ********************************************************************************
 
    General statistics
    ___________________________________________________________________
 
    Variables   # rec.      min.        max.        avg.        std.
    ___________________________________________________________________
    imf          1677     0.69000     5.00000     1.82069     0.57537
    ptz          2211   379.00000  1246.00000   913.70285   100.99708
    skmw         2211     0.00000   112.80000    71.84383    34.47391
    pelm         2211     0.00000   135.00000   111.35672    11.88761
    ___________________________________________________________________
    Pattern of traits
    ________________________________
     Count           imf       ptz
    ________________________________
       1677        x         x
        534        -         x
        534        -         x
    ________________________________

     --------------------------------- VCE 5.1.2  -----------------------------------
     16.10.2007  14:20:30             imf_ptz.vce                              page 2
 
 
    ********************************************************************************
    *                  P E D I G R E E   I N F O R M A T I O N                     *
    ********************************************************************************
 
    Inbreeding             # of animals
    ________________________________________________________________________________
        0                   36408
    ________________________________________________________________________________
    Number of inbred animals           :            0
    Average inbreeding (inbred animals):         0.00
    Maximum inbreeding                 :         0.00
 
    ********************************************************************************
    *         C O V A R I A N C E   M A T R I X   I N F O R M A T I O N            *
    ********************************************************************************
 
    The following (co)variance matrices will be estimated (starting values):
 
    ----------------------------- Matrices: NATURAL  -------------------------------
        5  1  1 A  animal                          36408 T T
              0.1104E+00  0.1118E+01
                          0.3411E+04
 
        7  2  1 R  wu                              5 T
              0.3400E+04
 
        8  3  1 E  residual                        1677 T T
              0.1104E+00  0.1118E+01
                          0.3411E+04
 
    ________________________________________________________________________________
    ----------------------------- Matrices: RATIOS  --------------------------------
        5  1  1 A  animal                        
              0.5000E+00  0.5764E-01
                          0.3337E+00
 
        7  2  1 R  wu                            
              0.3326E+00
 
        8  3  1 E  residual                      
              0.5000E+00  0.5764E-01
                          0.3337E+00
 
    ________________________________________________________________________________
    Thus, optimization is in 7 dimensions.
 
    ********************************************************************************
    *                      M O D E L  I N F O R M A T I O N                        *
    ********************************************************************************
 
    Factor     within     T Levels Skip        imf       ptz
    ________________________________________________________________________________
    skmw                  F      1               1         -
    sex                   F      3               1         1
    abt                   F      2               1         1
    bg                    F    360               1         1
    animal                A  36408               1         1
    pelm                  F      1               -         1
    wu                    R      5               -         1
    ________________________________________________________________________________
    Non zero coefficients stored       :      50000, filled:   0.2% hit rate:    1.0 at line:    50000
 
    ********************************************************************************
    *                       S E T T I N G    U P    M M E                          *
    ********************************************************************************
 
    Non zero coefficients stored       :     100000, filled:   0.3% hit rate:    1.0 at line:     1433
    Non zero coefficients stored       :     150000, filled:   0.5% hit rate:    1.0 at line:     5918
    Non zero coefficients stored       :     200000, filled:   0.6% hit rate:    1.0 at line:    14674
    Non zero coefficients stored       :     250000, filled:   0.8% hit rate:    1.0 at line:    20447
    All non zeros are loaded           :       274068
    Number of equations                :        73553
    Filling rate of LHS storage space  :       0.8683
    Hit rate by setting up LHS         :       1.0022
    Zero diagonal coefficients stored  :           61
    IS - allocated for ordering with   :     80000000
    Dimension of equation system       :        73553
    Rank of equation system            :        73488
    Time for solving MME (h:min:sec)   :      0:00:02
    Time for inversion (h:min:sec)     :      0:00:02
 
    ********************************************************************************
    *         C O E F F I C I E N T  M A T R I X  I N F O R M A T I O N            *
    ********************************************************************************
 
    Setting up mixed model equations
    ________________________________________________________________________________
    Machine precision (tolerance)      : 0.222045E-15
    Warning theshold on inv. (A-1A)-I  : 0.100000E-06
    Traits transformed. See option     :  all  all
    Covariates transformed. See options:  avg  avg
    Number of equations                :        73553
    Rank of the system                 :        73488
    Equations set to zero              :  sex/2 abt/1 abt/3 abt/4 bg/1 bg/19 bg/21 bg/25 bg/75
                                       : bg/133 bg/177 bg/179 bg/181 bg/185 bg/187 bg/191
                                       : bg/201 bg/205 bg/209 bg/213 bg/215 bg/219 bg/225
                                       : bg/231 bg/233 bg/237 bg/239 bg/241 bg/243 bg/245
                                       : bg/279 bg/281 bg/295 bg/303 bg/309 bg/315 bg/317
                                       : bg/323 bg/325 bg/327 bg/329 bg/331 bg/337 bg/407
                                       : bg/409 bg/411 bg/413 bg/417 bg/419 bg/421 bg/423
                                       : bg/425 bg/431 bg/433 bg/435 bg/439 bg/449 bg/453
                                       : bg/457 bg/537 bg/565 bg/647 bg/677 bg/683 bg/693
    # of nonzero coefficients (HS)     :       274068
    Fill of coefficient matrix         :        0.005
    # of NZE in factor                 :       216850
    Total storage required             :      1815194
    Total storage defined (total)      :     80000000
    CPU-time for solving (per rnd)     :      0:00:02
    CPU-time for inverting (per rnd)   :      0:00:02
    MFLOPs during factorization        :        55.90

     --------------------------------- VCE 5.1.2  -----------------------------------
     16.10.2007  14:20:33             imf_ptz.vce                              page 3
 
 
    ********************************************************************************
    *         C O E F F I C I E N T  M A T R I X  I N F O R M A T I O N            *
    ********************************************************************************
 
    Setting up mixed model equations
    ________________________________________________________________________________
    Machine precision (tolerance)      : 0.222045E-15
    Warning theshold on inv. (A-1A)-I  : 0.100000E-06
    Traits transformed. See option     :  all  all
    Covariates transformed. See options:  avg  avg
    Number of equations                :        73553
    Rank of the system                 :        73488
    Equations set to zero              :  sex/2 abt/1 abt/3 abt/4 bg/1 bg/19 bg/21 bg/25 bg/75
                                       : bg/133 bg/177 bg/179 bg/181 bg/185 bg/187 bg/191
                                       : bg/201 bg/205 bg/209 bg/213 bg/215 bg/219 bg/225
                                       : bg/231 bg/233 bg/237 bg/239 bg/241 bg/243 bg/245
                                       : bg/279 bg/281 bg/295 bg/303 bg/309 bg/315 bg/317
                                       : bg/323 bg/325 bg/327 bg/329 bg/331 bg/337 bg/407
                                       : bg/409 bg/411 bg/413 bg/417 bg/419 bg/421 bg/423
                                       : bg/425 bg/431 bg/433 bg/435 bg/439 bg/449 bg/453
                                       : bg/457 bg/537 bg/565 bg/647 bg/677 bg/683 bg/693
    # of nonzero coefficients (HS)     :       274068
    Fill of coefficient matrix         :        0.005
    # of NZE in factor                 :       216850
    Total storage required             :      1815194
    Total storage defined (total)      :     80000000
    CPU-time for solving (per rnd)     :      0:00:02
    CPU-time for inverting (per rnd)   :      0:00:02
    MFLOPs during factorization        :        55.90
    Non zero coefficients stored       :      50000, filled:   0.2% hit rate:    1.0 at line:    50000
 
    ********************************************************************************
    *                       S E T T I N G    U P    M M E                          *
    ********************************************************************************
 
    Non zero coefficients stored       :     100000, filled:   0.3% hit rate:    1.0 at line:     1856
    Non zero coefficients stored       :     150000, filled:   0.5% hit rate:    1.0 at line:     7604
    Non zero coefficients stored       :     200000, filled:   0.6% hit rate:    1.0 at line:    15840
    Non zero coefficients stored       :     250000, filled:   0.8% hit rate:    1.0 at line:    22134
    All non zeros are loaded           :       265632
    Number of equations                :        73553
    Filling rate of LHS storage space  :       0.8416
    Hit rate by setting up LHS         :       1.0022
    Zero diagonal coefficients stored  :           65
    AG   4.6     1  20682.86     500   0   0   0   0   0   0   0   0 --  500  57 333 332 500  57 333
    AG   0.9     2  56134.41     566 500   0   0   0   0   0   0   0 --  472 -25 837   0 527-508 162
    AG   0.9     3  51351.76       3 566 500   0   0   0   0   0   0 --  472 -24 836   0 527-504 163
    AG   0.9     4  45090.05      11   3 566 500   0   0   0   0   0 --  473 -23 833   0 526-493 165
    AG   0.9     5  38478.23      32  11   3 566 500   0   0   0   0 --  473 -21 824   2 526-461 173
    AG   0.9     6  31127.56      97  32  11   3 566 500   0   0   0 --  474 -13 783  18 525-364 198
    AG   1.3     7  24279.37     212  97  32  11   3 566 500   0   0 --  478  11 612 120 521-152 266
    AG   0.9     8  21049.96     204 212  97  32  11   3 566 500   0 --  489  42 408 271 510   6 319
    AG   0.9     9  20655.62      54 204 212  97  32  11   3 566 500 --  496  53 353 316 503  43 330
    AG   1.0    10  20646.90      11  54 204 212  97  32  11   3 566 --  504  57 357 323 495  46 318
    AG   0.9    11  20644.55      13  11  54 204 212  97  32  11   3 --  516  61 371 322 483  44 306
    AG   0.9    12  20642.40      20  13  11  54 204 212  97  32  11 --  531  66 391 321 468  40 287
    AG   0.9    13  20635.67      97  20  13  11  54 204 212  97  32 --  604  87 488 310 395   6 201
    AG   1.0    14  20634.38      29  97  20  13  11  54 204 212  97 --  628  93 517 309 371 -14 173
    AG   0.9    15  20634.23      11  29  97  20  13  11  54 204 212 --  634  95 523 309 365 -25 166
    AG   0.9    16  20634.19      10  11  29  97  20  13  11  54 204 --  637  97 527 309 362 -35 163
    AG   0.9    17  20634.10      22  10  11  29  97  20  13  11  54 --  643 103 530 309 356 -57 160
    AG   1.0    18  20633.97      33  22  10  11  29  97  20  13  11 --  648 115 533 308 351 -91 158
    AG   1.1    19  20633.81      45  33  22  10  11  29  97  20  13 --  653 137 531 307 346-137 161
    AG   0.9    20  20633.70      30  45  33  22  10  11  29  97  20 --  655 159 526 307 344-168 165
    AG   1.5    21  20633.65       9  30  45  33  22  10  11  29  97 --  654 168 523 307 345-171 169
    AG   0.9    22  20633.64       5   9  30  45  33  22  10  11  29 --  652 169 522 307 347-165 170
    AG   0.9    23  20633.64       3   5   9  30  45  33  22  10  11 --  651 168 522 307 348-161 170
    AG   0.9    24  20633.64       1   3   5   9  30  45  33  22  10 --  650 167 522 307 349-159 170
    AG   0.9    25  20633.64       1   1   3   5   9  30  45  33  22 --  649 166 523 306 350-158 170
    AG   0.9    26  20633.64       1   1   1   3   5   9  30  45  33 --  647 167 523 306 352-159 169
    AG   0.9    27  20633.64       2   1   1   1   3   5   9  30  45 --  646 168 524 306 353-162 169
    AG   0.9    28  20633.64       2   2   1   1   1   3   5   9  30 --  646 169 525 305 353-164 168
    AG   0.9    29  20633.64       0   2   2   1   1   1   3   5   9 --  646 170 525 305 353-165 168
    AG   0.9    30  20633.64       0   0   2   2   1   1   1   3   5 --  646 170 525 305 353-165 168
    AG   1.0    31  20633.64       0   0   0   2   2   1   1   1   3 --  646 170 525 305 353-165 168
    AG   1.2    32  20633.63       0   0   0   0   2   2   1   1   1 --  647 170 526 305 352-164 168
    AG   1.2    33  20633.63       1   0   0   0   0   2   2   1   1 --  647 170 527 303 352-164 168
    AG   0.9    34  20633.63       2   1   0   0   0   0   2   2   1 --  647 169 529 301 352-164 169
    AG   0.9    35  20633.63       3   2   1   0   0   0   0   2   2 --  647 169 531 298 352-164 169
    AG   0.9    36  20633.63       2   3   2   1   0   0   0   0   2 --  647 169 533 296 352-164 170
    AG   0.9    37  20633.63       0   2   3   2   1   0   0   0   0 --  646 169 533 296 353-164 170

     --------------------------------- VCE 5.1.2  -----------------------------------
     16.10.2007  14:21:11             imf_ptz.vce                              page 4
 
 
    ********************************************************************************
    *                      M O D E L  I N F O R M A T I O N                        *
    ********************************************************************************
 
    Factor     within     T Levels Skip        imf       ptz
    ________________________________________________________________________________
    skmw                  F      1               1         -
    sex                   F      3 .             1         1
    abt                   F      2 .             1         1
    bg                    F    360 .             1         1
    animal                A  36408               1         1
    pelm                  F      1               -         1
    wu                    R      5               -         1
    ________________________________________________________________________________
 
    ********************************************************************************
    *         C O E F F I C I E N T  M A T R I X  I N F O R M A T I O N            *
    ********************************************************************************
 
    Setting up mixed model equations
    ________________________________________________________________________________
    Machine precision (tolerance)      : 0.222045E-15
    Warning theshold on inv. (A-1A)-I  : 0.100000E-06
    Traits transformed. See option     :  all  all
    Covariates transformed. See options:  avg  avg
    Number of equations                :        73553
    Rank of the system                 :        73553
    Equations set to zero              :  sex/2 abt/1 abt/3 abt/4 bg/1 bg/19 bg/21 bg/25 bg/75
                                       : bg/133 bg/177 bg/179 bg/181 bg/185 bg/187 bg/191
                                       : bg/201 bg/205 bg/209 bg/213 bg/215 bg/219 bg/225
                                       : bg/231 bg/233 bg/237 bg/239 bg/241 bg/243 bg/245
                                       : bg/279 bg/281 bg/295 bg/303 bg/309 bg/315 bg/317
                                       : bg/323 bg/325 bg/327 bg/329 bg/331 bg/337 bg/407
                                       : bg/409 bg/411 bg/413 bg/417 bg/419 bg/421 bg/423
                                       : bg/425 bg/431 bg/433 bg/435 bg/439 bg/449 bg/453
                                       : bg/457 bg/537 bg/565 bg/647 bg/677 bg/683 bg/693
    # of nonzero coefficients (HS)     :       265632
    Fill of coefficient matrix         :        0.005
    # of NZE in factor                 :       216850
    Total storage required             :      1815194
    Total storage defined (total)      :     80000000
    CPU-time for solving (per rnd)     :      0:00:02
    CPU-time for inverting (per rnd)   :      0:00:40
    MFLOPs during factorization        :        66.69
 
    ********************************************************************************
    *                 E S T I M A T E S   I N F O R M A T I O N                    *
    ********************************************************************************
 
    Tue Oct 16 14:21:11 2007647 bg/677 bg/683 bg/693      CPU time used:     0:00:40
 
    AG Log likelihood :   20633.6326  status :  1   at iteration:      37 /    37
 
 
    ----------------------------- Matrices: NATURAL  -------------------------------
        5  1  1 A  animal                          36408 T T
              0.1822E+00  0.5505E+01
                          0.5769E+04
 
        7  2  1 R  wu                              5 T
              0.3203E+04
 
        8  3  1 E  residual                        1677 T T
              0.9943E-01 -0.2229E+01
                          0.1848E+04
 
    --------------------------- Matrices: Phenotypic  ------------------------------
              0.2817E+00  0.3276E+01
                          0.1082E+05
 
    ----------------------------- Matrices: RATIOS  --------------------------------
        5  1  1 A  animal                        
              0.6470E+00  0.1698E+00
                          0.5331E+00
 
        7  2  1 R  wu                            
              0.2960E+00
 
        8  3  1 E  residual                      
              0.3530E+00 -0.1644E+00
                          0.1708E+00
 
    ---------------------- Matrices: STD_ERR of components  ------------------------
        5  1  1 A  animal                        
              0.2945E-01  0.2290E-01
                          0.5007E+01
 
        7  2  1 R  wu                            
              0.1865E+02
 
        8  3  1 E  residual                      
              0.2258E-01  0.1546E-01
                          0.3430E+01
 
    ------------------------ Matrices: STD_ERR of ratios  --------------------------
        5  1  1 A  animal                        
              0.1441E+00  0.6870E-01
                          0.3800E-01
 
        7  2  1 R  wu                            
              0.1223E+00
 
        8  3  1 E  residual                      
              0.9573E-01  0.1248E+00
                          0.3396E-01
 
