     --------------------------------- VCE 5.1.2  -----------------------------------
     16.10.2007  13:46:00             ltz_ffl.vce                              page 1
 
 
 
    ********************************************************************************
    *                    T R A I T S   A N D   E F F E C T S                       *
    ********************************************************************************
 
    Code Trait name  List of effects
    ________________________________________________________________________________
      1 ltz         sex       bjq       bg        wu        animal
      2 ffl         sex                 bg                  animal    skmw      abt
 
    ********************************************************************************
    *               E F F E C T S   A N D   C O V A R I A N C E S                  *
    ********************************************************************************
 
    Code   Effect name Type Length Level Start COVARIANCE  Type Length Level Start Pattern
    ______________________________________________________________________________________
       1   sex        :  F     2      3      1
       2   bjq        :  F     1      5      7
       3   bg         :  F     2   1161     12
       4   wu         :  R     1      9   2334  wu         :  R     1      1      1 T
       5   animal     :  A     2  36408   2343  animal     :  A     2      1      2 T T
       6   skmw       :  F     1      1  75159
       7   abt        :  F     1      3  75160
                                                residual   :  E     2      1      3 T T
    ________________________________________________________________________________
 
    ********************************************************************************
    *                    G E N E R A L  I N F O R M A T I O N                      *
    ********************************************************************************
 
    VCE was started on :  at Tue Oct 16 13:46:00 2007 by: b08mueul
 
    Comments:
    ________________________________________________________________________________
    |                 ************************************************             |
    |                 *                     VCE-5                    *             |
    |                 *                 version 5.1.2                *             |
    |                 *            17-Dez-2003   14:42:53            *             |
    |                 *         Linux 2.6.0-test11-bk11 i686         *             |
    |                 *                  written by                  *             |
    |                 *       Milena Kovac, Eildert Groeneveld       *             |
    |                 *           and Alberto Garcia-Cortez          *             |
    |                 ************************************************             |
    | test mastitis                                                                |
    ________________________________________________________________________________
 
    Files involved
    ________________________________________________________________________________
    Current directory                  : /home/b08mueul/apiis/apiis-kurs/leicoma/zwisss/mslmr
    Parameter file                     : ltz_ffl.vce
    Data input file                    : blupdata.txt.vce
    Pedigree input file                : blupped.txt.vce
    Log list file                      : ltz_ffl.vce.lst
    Covariances for dumped into        : ltz_ffl.vce.cov-bin
    Covariance matrices written in     : ltz_ffl.vce.cov-fmt
 
    ********************************************************************************
    *                       D A T A  I N F O R M A T I O N                         *
    ********************************************************************************
 
    General statistics
    ___________________________________________________________________
 
    Variables   # rec.      min.        max.        avg.        std.
    ___________________________________________________________________
    ltz         32696   401.00000   884.00000   608.02113    67.52627
    ffl          1746    10.60000    43.71000    21.89962     4.50922
    skmw        33968     0.00000   112.80000     4.61471    19.66257
    ___________________________________________________________________
 
    Pattern of traits
    ________________________________
     Count           ltz       ffl
    ________________________________
        474        x         x
      32222        x         -
       1272        -         x
       1272        -         x
    ________________________________

     --------------------------------- VCE 5.1.2  -----------------------------------
     16.10.2007  13:46:00             ltz_ffl.vce                              page 2
 
 
    ********************************************************************************
    *                  P E D I G R E E   I N F O R M A T I O N                     *
    ********************************************************************************
 
    Inbreeding             # of animals
    ________________________________________________________________________________
        0                   36408
    ________________________________________________________________________________
    Number of inbred animals           :            0
    Average inbreeding (inbred animals):         0.00
    Maximum inbreeding                 :         0.00
 
    ********************************************************************************
    *         C O V A R I A N C E   M A T R I X   I N F O R M A T I O N            *
    ********************************************************************************
 
    The following (co)variance matrices will be estimated (starting values):
 
    ----------------------------- Matrices: NATURAL  -------------------------------
        4  1  1 R  wu                              9 T
              0.1520E+04
 
        5  2  1 A  animal                          36408 T T
              0.1520E+04  0.5860E+01
                          0.6800E+01
 
        8  3  1 E  residual                        474 T T
              0.1520E+04  0.5860E+01
                          0.6800E+01
 
    ________________________________________________________________________________
    ----------------------------- Matrices: RATIOS  --------------------------------
        4  1  1 R  wu                            
              0.3333E+00
 
        5  2  1 A  animal                        
              0.3333E+00  0.5764E-01
                          0.5000E+00
 
        8  3  1 E  residual                      
              0.3333E+00  0.5764E-01
                          0.5000E+00
 
    ________________________________________________________________________________
    Thus, optimization is in 7 dimensions.
 
    ********************************************************************************
    *                      M O D E L  I N F O R M A T I O N                        *
    ********************************************************************************
 
    Factor     within     T Levels Skip        ltz       ffl
    ________________________________________________________________________________
    sex                   F      3               1         1
    bjq                   F      5               1         -
    bg                    F   1161               1         1
    wu                    R      9               1         -
    animal                A  36408               1         1
    skmw                  F      1               -         1
    abt                   F      3               -         1
    ________________________________________________________________________________
    Non zero coefficients stored       :      50000, filled:   0.2% hit rate:    1.0 at line:    50000
 
    ********************************************************************************
    *                       S E T T I N G    U P    M M E                          *
    ********************************************************************************
 
    Non zero coefficients stored       :     100000, filled:   0.3% hit rate:    1.0 at line:     5470
    Non zero coefficients stored       :     150000, filled:   0.5% hit rate:    1.0 at line:    17016
    Non zero coefficients stored       :     200000, filled:   0.6% hit rate:    1.0 at line:    28807
    Non zero coefficients stored       :     250000, filled:   0.8% hit rate:    1.0 at line:    36375
    Non zero coefficients stored       :     300000, filled:   1.0% hit rate:    1.0 at line:    45317
    Non zero coefficients stored       :     350000, filled:   1.1% hit rate:    1.0 at line:    50677
    All non zeros are loaded           :       383986
    Number of equations                :        75162
    Filling rate of LHS storage space  :       1.2166
    Hit rate by setting up LHS         :       1.0024
    Zero diagonal coefficients stored  :          946
    IS - allocated for ordering with   :     80000000
    Dimension of equation system       :        75162
    Rank of equation system            :        74212
    Time for solving MME (h:min:sec)   :      0:00:19
    Time for inversion (h:min:sec)     :      0:00:19
 
    ********************************************************************************
    *         C O E F F I C I E N T  M A T R I X  I N F O R M A T I O N            *
    ********************************************************************************
 
    Setting up mixed model equations
    ________________________________________________________________________________
    Machine precision (tolerance)      : 0.222045E-15
    Warning theshold on inv. (A-1A)-I  : 0.100000E-06
    Traits transformed. See option     :  all  all
    Covariates transformed. See options:  avg
    Number of equations                :        75162
    Rank of the system                 :        74212
    Equations set to zero              :  sex/1 sex/4 sex/5 bg/1 bg/4 bg/10 bg/13 bg/16 bg/18
                                       : bg/20 bg/22 bg/24 bg/27 bg/29 bg/32 bg/33 bg/35 bg/37
                                       : bg/41 bg/43 bg/45 bg/47 bg/49 bg/51 bg/53 bg/55 bg/57
                                       : bg/59 bg/61 bg/63 bg/67 bg/69 bg/71 bg/73 bg/76 bg/79
                                       : bg/81 bg/83 bg/87 bg/89 bg/92 bg/94 bg/96 bg/98 bg/100
                                       : bg/102 bg/104 bg/106 bg/108 bg/112 bg/116 bg/122
                                       : bg/126 bg/128 bg/130 bg/132 bg/134 bg/136 bg/138
                                       : bg/140 bg/142 bg/144 bg/146 bg/148 bg/150 bg/154
                                       : bg/156 bg/160 bg/162 bg/164 bg/168 bg/170 bg/172
                                       : bg/174 bg/176 bg/186 bg/190 bg/194 bg/196 bg/198
                                       : bg/200 bg/202 bg/204 bg/206 bg/208 bg/210 bg/212
                                       : bg/214 bg/216 bg/218 bg/220 bg/221 bg/224 bg/226
                                       : bg/228 bg/234 bg/236 bg/239 bg/247 bg/249 bg/256
                                       : bg/259 bg/262 bg/264 bg/266 bg/268 bg/270 bg/272
                                       : bg/274 bg/276 bg/278 bg/280 bg/284 bg/286 bg/288
                                       : bg/290 bg/292 bg/300 bg/304 bg/312 bg/314 bg/316
                                       : bg/320 bg/322 bg/324 bg/326 bg/332 bg/336 bg/338
                                       : bg/340 bg/344 bg/346 bg/348 bg/350 bg/352 bg/354
                                       : bg/356 bg/358 bg/360 bg/362 bg/366 bg/368 bg/370
                                       : bg/372 bg/376 bg/378 bg/384 bg/394 bg/396 bg/398
                                       : bg/400 bg/402 bg/408 bg/410 bg/412 bg/414 bg/416
                                       : bg/418 bg/420 bg/422 bg/424 bg/426 bg/428 bg/430
                                       : bg/432 bg/434 bg/436 bg/438 bg/440 bg/442 bg/444
                                       : bg/446 bg/448 bg/450 bg/452 bg/454 bg/456 bg/458
                                       : bg/460 bg/462 bg/464 bg/466 bg/470 bg/472 bg/474
                                       : bg/476 bg/478 bg/480 bg/482 bg/490 bg/492 bg/496
                                       : bg/498 bg/500 bg/502 bg/504 bg/506 bg/510 bg/512
                                       : bg/516 bg/518 bg/520 bg/524 bg/526 bg/528 bg/530
                                       : bg/532 bg/534 bg/536 bg/538 bg/540 bg/542 bg/544
                                       : bg/546 bg/548 bg/550 bg/552 bg/556 bg/558 bg/560
                                       : bg/562 bg/564 bg/566 bg/570 bg/572 bg/574 bg/576
                                       : bg/578 bg/582 bg/584 bg/586 bg/588 bg/590 bg/592
                                       : bg/594 bg/596 bg/598 bg/600 bg/602 bg/604 bg/608
                                       : bg/610 bg/612 bg/614 bg/618 bg/620 bg/622 bg/624
                                       : bg/626 bg/628 bg/630 bg/632 bg/634 bg/636 bg/638
                                       : bg/640 bg/642 bg/644 bg/646 bg/648 bg/650 bg/654
                                       : bg/656 bg/658 bg/660 bg/662 bg/663 bg/666 bg/668
                                       : bg/670 bg/672 bg/674 bg/676 bg/678 bg/680 bg/682
                                       : bg/684 bg/686 bg/688 bg/692 bg/694 bg/696 bg/698
                                       : bg/700 bg/702 bg/704 bg/706 bg/708 bg/710 bg/712
                                       : bg/714 bg/716 bg/718 bg/720 bg/722 bg/726 bg/728
                                       : bg/732 bg/734 bg/738 bg/740 bg/742 bg/744 bg/746
                                       : bg/748 bg/750 bg/754 bg/756 bg/760 bg/762 bg/764
                                       : bg/766 bg/768 bg/770 bg/772 bg/774 bg/776 bg/780
                                       : bg/786 bg/790 bg/792 bg/794 bg/796 bg/798 bg/800
                                       : bg/802 bg/804 bg/806 bg/808 bg/810 bg/812 bg/814
                                       : bg/818 bg/820 bg/822 bg/824 bg/826 bg/828 bg/830
                                       : bg/834 bg/836 bg/838 bg/840 bg/846 bg/848 bg/850
                                       : bg/852 bg/854 bg/856 bg/858 bg/860 bg/862 bg/864
                                       : bg/866 bg/868 bg/870 bg/872 bg/874 bg/876 bg/878
                                       : bg/880 bg/882 bg/884 bg/886 bg/888 bg/890 bg/892
                                       : bg/894 bg/896 bg/898 bg/900 bg/902 bg/904 bg/906
                                       : bg/910 bg/912 bg/914 bg/916 bg/918 bg/920 bg/922
                                       : bg/924 bg/926 bg/928 bg/932 bg/934 bg/936 bg/938
                                       : bg/940 bg/942 bg/944 bg/948 bg/950 bg/952 bg/954
                                       : bg/956 bg/958 bg/960 bg/962 bg/964 bg/966 bg/968
                                       : bg/970 bg/972 bg/974 bg/976 bg/978 bg/980 bg/982
                                       : bg/984 bg/986 bg/988 bg/990 bg/992 bg/994 bg/996
                                       : bg/998 bg/1000 bg/1002 bg/1004 bg/1006 bg/1008 bg/1010
                                       : bg/1012 bg/1014 bg/1016 bg/1018 bg/1022 bg/1024
                                       : bg/1026 bg/1032 bg/1034 bg/1036 bg/1038 bg/1040
                                       : bg/1044 bg/1048 bg/1050 bg/1052 bg/1054 bg/1056
                                       : bg/1058 bg/1060 bg/1062 bg/1064 bg/1066 bg/1068
                                       : bg/1070 bg/1072 bg/1074 bg/1076 bg/1078 bg/1080
                                       : bg/1082 bg/1084 bg/1086 bg/1088 bg/1090 bg/1092
                                       : bg/1094 bg/1096 bg/1098 bg/1100 bg/1102 bg/1104
                                       : bg/1106 bg/1108 bg/1110 bg/1112 bg/1114 bg/1116
                                       : bg/1118 bg/1120 bg/1122 bg/1128 bg/1130 bg/1134
                                       : bg/1136 bg/1138 bg/1142 bg/1144 bg/1148 bg/1150
                                       : bg/1156 bg/1158 bg/1160 bg/1162 bg/1164 bg/1166
                                       : bg/1168 bg/1170 bg/1172 bg/1174 bg/1176 bg/1178
                                       : bg/1180 bg/1182 bg/1184 bg/1186 bg/1188 bg/1190
                                       : bg/1192 bg/1194 bg/1196 bg/1198 bg/1200 bg/1202
                                       : bg/1204 bg/1206 bg/1208 bg/1210 bg/1214 bg/1216
                                       : bg/1220 bg/1222 bg/1224 bg/1226 bg/1228 bg/1230
                                       : bg/1232 bg/1234 bg/1236 bg/1238 bg/1240 bg/1242
                                       : bg/1244 bg/1246 bg/1248 bg/1250 bg/1252 bg/1254
                                       : bg/1256 bg/1258 bg/1260 bg/1262 bg/1264 bg/1266
                                       : bg/1268 bg/1270 bg/1272 bg/1274 bg/1278 bg/1280
                                       : bg/1282 bg/1284 bg/1286 bg/1288 bg/1290 bg/1292
                                       : bg/1294 bg/1296 bg/1298 bg/1300 bg/1302 bg/1306
                                       : bg/1308 bg/1310 bg/1312 bg/1314 bg/1316 bg/1318
                                       : bg/1320 bg/1322 bg/1324 bg/1326 bg/1328 bg/1330
                                       : bg/1332 bg/1334 bg/1336 bg/1338 bg/1340 bg/1342
                                       : bg/1346 bg/1348 bg/1350 bg/1352 bg/1354 bg/1356
                                       : bg/1358 bg/1360 bg/1362 bg/1364 bg/1366 bg/1368
                                       : bg/1370 bg/1372 bg/1374 bg/1376 bg/1378 bg/1380
                                       : bg/1382 bg/1384 bg/1386 bg/1388 bg/1390 bg/1392
                                       : bg/1394 bg/1396 bg/1398 bg/1400 bg/1402 bg/1404
                                       : bg/1406 bg/1408 bg/1410 bg/1412 bg/1414 bg/1416
                                       : bg/1418 bg/1420 bg/1422 bg/1424 bg/1426 bg/1430
                                       : bg/1432 bg/1434 bg/1436 bg/1438 bg/1440 bg/1442
                                       : bg/1444 bg/1446 bg/1448 bg/1450 bg/1452 bg/1454
                                       : bg/1456 bg/1458 bg/1460 bg/1464 bg/1466 bg/1468
                                       : bg/1470 bg/1472 bg/1474 bg/1476 bg/1478 bg/1480
                                       : bg/1482 bg/1484 bg/1486 bg/1488 bg/1490 bg/1492
                                       : bg/1494 bg/1496 bg/1498 bg/1500 bg/1502 bg/1505
                                       : bg/1510 bg/1512 bg/1514 bg/1518 bg/1522 bg/1524
                                       : bg/1526 bg/1528 bg/1532 bg/1534 bg/1536 bg/1542
                                       : bg/1546 bg/1548 bg/1556 bg/1558 bg/1560 bg/1562
                                       : bg/1564 bg/1566 bg/1568 bg/1570 bg/1572 bg/1574
                                       : bg/1578 bg/1580 bg/1582 bg/1584 bg/1586 bg/1588
                                       : bg/1589 bg/1591 bg/1593 bg/1597 bg/1601 bg/1603
                                       : bg/1605 bg/1607 bg/1610 bg/1612 bg/1614 bg/1616
                                       : bg/1618 bg/1620 bg/1624 bg/1626 bg/1628 bg/1634
                                       : bg/1636 bg/1638 bg/1640 bg/1642 bg/1644 bg/1646
                                       : bg/1648 bg/1650 bg/1652 bg/1654 bg/1658 bg/1662
                                       : bg/1664 bg/1666 bg/1668 bg/1670 bg/1672 bg/1674
                                       : bg/1676 bg/1680 bg/1682 bg/1684 bg/1686 bg/1688
                                       : bg/1690 bg/1692 bg/1694 bg/1696 bg/1698 bg/1699
                                       : bg/1701 bg/1704 bg/1706 bg/1708 bg/1710 bg/1714
                                       : bg/1716 bg/1718 bg/1720 bg/1722 bg/1723 bg/1725
                                       : bg/1728 bg/1730 bg/1732 bg/1733 bg/1736 bg/1737
                                       : bg/1739 bg/1741 bg/1743 bg/1746 bg/1747 bg/1750
                                       : bg/1752 bg/1754 bg/1756 bg/1758 bg/1760 bg/1762
                                       : bg/1764 bg/1766 bg/1768 bg/1770 bg/1772 bg/1774
                                       : bg/1776 bg/1778 bg/1780 bg/1782 bg/1784 bg/1786
                                       : bg/1788 bg/1790 bg/1792 bg/1794 bg/1798 bg/1800
                                       : bg/1802 bg/1804 bg/1806 bg/1808 bg/1810 bg/1812
                                       : bg/1814 bg/1816 bg/1818 bg/1820 bg/1822 bg/1824
                                       : bg/1826 bg/1828 bg/1830 bg/1832 bg/1834 bg/1836
                                       : bg/1838 bg/1842 bg/1846 bg/1848 bg/1852 bg/1854
                                       : bg/1856 bg/1860 bg/1862 bg/1864 bg/1866 bg/1868
                                       : bg/1872 bg/1880 bg/1882 bg/1884 bg/1886 bg/1888
                                       : bg/1890 bg/1892 bg/1894 bg/1896 bg/1898 bg/1900
                                       : bg/1902 bg/1904 bg/1908 bg/1910 bg/1912 bg/1916
                                       : bg/1920 bg/1922 bg/1924 bg/1926 bg/1930 bg/1944
                                       : bg/1946 bg/1948 bg/1964 bg/1968 bg/1972 bg/1978
                                       : bg/1980 bg/1984 bg/1990 bg/1992 bg/1996 bg/2000
                                       : bg/2002 bg/2004 bg/2006 bg/2008 bg/2010 bg/2014
                                       : bg/2016 bg/2020 bg/2022 bg/2024 bg/2025 bg/2030
                                       : bg/2034 bg/2038 bg/2040 bg/2042 bg/2044 bg/2046
                                       : bg/2050 bg/2056 bg/2068 bg/2070 bg/2075 bg/2080
                                       : bg/2084 bg/2086 bg/2094 bg/2096 bg/2097 bg/2104
                                       : bg/2108 bg/2116 bg/2120 bg/2122 bg/2124 bg/2125
                                       : bg/2128 bg/2136 bg/2140 bg/2146 bg/2150 bg/2152
                                       : bg/2153 bg/2156 bg/2159 bg/2167 bg/2170 bg/2171
                                       : bg/2176 bg/2178 bg/2180 bg/2186 bg/2187 bg/2192
                                       : bg/2193 bg/2195 bg/2197 bg/2199 bg/2204 bg/2208
                                       : bg/2210 bg/2212 bg/2213 bg/2216 bg/2217 bg/2221
                                       : bg/2225 bg/2227 bg/2230 bg/2232 bg/2233 bg/2235
                                       : bg/2237 bg/2239 bg/2242 bg/2245 bg/2247 bg/2249
                                       : bg/2251 bg/2253 bg/2255 bg/2257 bg/2259 bg/2268
                                       : bg/2270 bg/2272 bg/2274 bg/2276 bg/2278 bg/2280
                                       : bg/2282 bg/2284 bg/2286 bg/2288 bg/2290 bg/2292
                                       : bg/2294 bg/2303 bg/2305 bg/2308 bg/2311 bg/2313
                                       : bg/2315 bg/2317 bg/2319 abt/1 abt/2
    # of nonzero coefficients (HS)     :       383986
    Fill of coefficient matrix         :        0.007
    # of NZE in factor                 :       332471
    Total storage required             :      2447214
    Total storage defined (total)      :     80000000
    CPU-time for solving (per rnd)     :      0:00:19
    CPU-time for inverting (per rnd)   :      0:00:19
    MFLOPs during factorization        :        53.04

     --------------------------------- VCE 5.1.2  -----------------------------------
     16.10.2007  13:46:18             ltz_ffl.vce                              page 3
 
 
    ********************************************************************************
    *         C O E F F I C I E N T  M A T R I X  I N F O R M A T I O N            *
    ********************************************************************************
 
    Setting up mixed model equations
    ________________________________________________________________________________
    Machine precision (tolerance)      : 0.222045E-15
    Warning theshold on inv. (A-1A)-I  : 0.100000E-06
    Traits transformed. See option     :  all  all
    Covariates transformed. See options:  avg
    Number of equations                :        75162
    Rank of the system                 :        74212
    Equations set to zero              :  sex/1 sex/4 sex/5 bg/1 bg/4 bg/10 bg/13 bg/16 bg/18
                                       : bg/20 bg/22 bg/24 bg/27 bg/29 bg/32 bg/33 bg/35 bg/37
                                       : bg/41 bg/43 bg/45 bg/47 bg/49 bg/51 bg/53 bg/55 bg/57
                                       : bg/59 bg/61 bg/63 bg/67 bg/69 bg/71 bg/73 bg/76 bg/79
                                       : bg/81 bg/83 bg/87 bg/89 bg/92 bg/94 bg/96 bg/98 bg/100
                                       : bg/102 bg/104 bg/106 bg/108 bg/112 bg/116 bg/122
                                       : bg/126 bg/128 bg/130 bg/132 bg/134 bg/136 bg/138
                                       : bg/140 bg/142 bg/144 bg/146 bg/148 bg/150 bg/154
                                       : bg/156 bg/160 bg/162 bg/164 bg/168 bg/170 bg/172
                                       : bg/174 bg/176 bg/186 bg/190 bg/194 bg/196 bg/198
                                       : bg/200 bg/202 bg/204 bg/206 bg/208 bg/210 bg/212
                                       : bg/214 bg/216 bg/218 bg/220 bg/221 bg/224 bg/226
                                       : bg/228 bg/234 bg/236 bg/239 bg/247 bg/249 bg/256
                                       : bg/259 bg/262 bg/264 bg/266 bg/268 bg/270 bg/272
                                       : bg/274 bg/276 bg/278 bg/280 bg/284 bg/286 bg/288
                                       : bg/290 bg/292 bg/300 bg/304 bg/312 bg/314 bg/316
                                       : bg/320 bg/322 bg/324 bg/326 bg/332 bg/336 bg/338
                                       : bg/340 bg/344 bg/346 bg/348 bg/350 bg/352 bg/354
                                       : bg/356 bg/358 bg/360 bg/362 bg/366 bg/368 bg/370
                                       : bg/372 bg/376 bg/378 bg/384 bg/394 bg/396 bg/398
                                       : bg/400 bg/402 bg/408 bg/410 bg/412 bg/414 bg/416
                                       : bg/418 bg/420 bg/422 bg/424 bg/426 bg/428 bg/430
                                       : bg/432 bg/434 bg/436 bg/438 bg/440 bg/442 bg/444
                                       : bg/446 bg/448 bg/450 bg/452 bg/454 bg/456 bg/458
                                       : bg/460 bg/462 bg/464 bg/466 bg/470 bg/472 bg/474
                                       : bg/476 bg/478 bg/480 bg/482 bg/490 bg/492 bg/496
                                       : bg/498 bg/500 bg/502 bg/504 bg/506 bg/510 bg/512
                                       : bg/516 bg/518 bg/520 bg/524 bg/526 bg/528 bg/530
                                       : bg/532 bg/534 bg/536 bg/538 bg/540 bg/542 bg/544
                                       : bg/546 bg/548 bg/550 bg/552 bg/556 bg/558 bg/560
                                       : bg/562 bg/564 bg/566 bg/570 bg/572 bg/574 bg/576
                                       : bg/578 bg/582 bg/584 bg/586 bg/588 bg/590 bg/592
                                       : bg/594 bg/596 bg/598 bg/600 bg/602 bg/604 bg/608
                                       : bg/610 bg/612 bg/614 bg/618 bg/620 bg/622 bg/624
                                       : bg/626 bg/628 bg/630 bg/632 bg/634 bg/636 bg/638
                                       : bg/640 bg/642 bg/644 bg/646 bg/648 bg/650 bg/654
                                       : bg/656 bg/658 bg/660 bg/662 bg/663 bg/666 bg/668
                                       : bg/670 bg/672 bg/674 bg/676 bg/678 bg/680 bg/682
                                       : bg/684 bg/686 bg/688 bg/692 bg/694 bg/696 bg/698
                                       : bg/700 bg/702 bg/704 bg/706 bg/708 bg/710 bg/712
                                       : bg/714 bg/716 bg/718 bg/720 bg/722 bg/726 bg/728
                                       : bg/732 bg/734 bg/738 bg/740 bg/742 bg/744 bg/746
                                       : bg/748 bg/750 bg/754 bg/756 bg/760 bg/762 bg/764
                                       : bg/766 bg/768 bg/770 bg/772 bg/774 bg/776 bg/780
                                       : bg/786 bg/790 bg/792 bg/794 bg/796 bg/798 bg/800
                                       : bg/802 bg/804 bg/806 bg/808 bg/810 bg/812 bg/814
                                       : bg/818 bg/820 bg/822 bg/824 bg/826 bg/828 bg/830
                                       : bg/834 bg/836 bg/838 bg/840 bg/846 bg/848 bg/850
                                       : bg/852 bg/854 bg/856 bg/858 bg/860 bg/862 bg/864
                                       : bg/866 bg/868 bg/870 bg/872 bg/874 bg/876 bg/878
                                       : bg/880 bg/882 bg/884 bg/886 bg/888 bg/890 bg/892
                                       : bg/894 bg/896 bg/898 bg/900 bg/902 bg/904 bg/906
                                       : bg/910 bg/912 bg/914 bg/916 bg/918 bg/920 bg/922
                                       : bg/924 bg/926 bg/928 bg/932 bg/934 bg/936 bg/938
                                       : bg/940 bg/942 bg/944 bg/948 bg/950 bg/952 bg/954
                                       : bg/956 bg/958 bg/960 bg/962 bg/964 bg/966 bg/968
                                       : bg/970 bg/972 bg/974 bg/976 bg/978 bg/980 bg/982
                                       : bg/984 bg/986 bg/988 bg/990 bg/992 bg/994 bg/996
                                       : bg/998 bg/1000 bg/1002 bg/1004 bg/1006 bg/1008 bg/1010
                                       : bg/1012 bg/1014 bg/1016 bg/1018 bg/1022 bg/1024
                                       : bg/1026 bg/1032 bg/1034 bg/1036 bg/1038 bg/1040
                                       : bg/1044 bg/1048 bg/1050 bg/1052 bg/1054 bg/1056
                                       : bg/1058 bg/1060 bg/1062 bg/1064 bg/1066 bg/1068
                                       : bg/1070 bg/1072 bg/1074 bg/1076 bg/1078 bg/1080
                                       : bg/1082 bg/1084 bg/1086 bg/1088 bg/1090 bg/1092
                                       : bg/1094 bg/1096 bg/1098 bg/1100 bg/1102 bg/1104
                                       : bg/1106 bg/1108 bg/1110 bg/1112 bg/1114 bg/1116
                                       : bg/1118 bg/1120 bg/1122 bg/1128 bg/1130 bg/1134
                                       : bg/1136 bg/1138 bg/1142 bg/1144 bg/1148 bg/1150
                                       : bg/1156 bg/1158 bg/1160 bg/1162 bg/1164 bg/1166
                                       : bg/1168 bg/1170 bg/1172 bg/1174 bg/1176 bg/1178
                                       : bg/1180 bg/1182 bg/1184 bg/1186 bg/1188 bg/1190
                                       : bg/1192 bg/1194 bg/1196 bg/1198 bg/1200 bg/1202
                                       : bg/1204 bg/1206 bg/1208 bg/1210 bg/1214 bg/1216
                                       : bg/1220 bg/1222 bg/1224 bg/1226 bg/1228 bg/1230
                                       : bg/1232 bg/1234 bg/1236 bg/1238 bg/1240 bg/1242
                                       : bg/1244 bg/1246 bg/1248 bg/1250 bg/1252 bg/1254
                                       : bg/1256 bg/1258 bg/1260 bg/1262 bg/1264 bg/1266
                                       : bg/1268 bg/1270 bg/1272 bg/1274 bg/1278 bg/1280
                                       : bg/1282 bg/1284 bg/1286 bg/1288 bg/1290 bg/1292
                                       : bg/1294 bg/1296 bg/1298 bg/1300 bg/1302 bg/1306
                                       : bg/1308 bg/1310 bg/1312 bg/1314 bg/1316 bg/1318
                                       : bg/1320 bg/1322 bg/1324 bg/1326 bg/1328 bg/1330
                                       : bg/1332 bg/1334 bg/1336 bg/1338 bg/1340 bg/1342
                                       : bg/1346 bg/1348 bg/1350 bg/1352 bg/1354 bg/1356
                                       : bg/1358 bg/1360 bg/1362 bg/1364 bg/1366 bg/1368
                                       : bg/1370 bg/1372 bg/1374 bg/1376 bg/1378 bg/1380
                                       : bg/1382 bg/1384 bg/1386 bg/1388 bg/1390 bg/1392
                                       : bg/1394 bg/1396 bg/1398 bg/1400 bg/1402 bg/1404
                                       : bg/1406 bg/1408 bg/1410 bg/1412 bg/1414 bg/1416
                                       : bg/1418 bg/1420 bg/1422 bg/1424 bg/1426 bg/1430
                                       : bg/1432 bg/1434 bg/1436 bg/1438 bg/1440 bg/1442
                                       : bg/1444 bg/1446 bg/1448 bg/1450 bg/1452 bg/1454
                                       : bg/1456 bg/1458 bg/1460 bg/1464 bg/1466 bg/1468
                                       : bg/1470 bg/1472 bg/1474 bg/1476 bg/1478 bg/1480
                                       : bg/1482 bg/1484 bg/1486 bg/1488 bg/1490 bg/1492
                                       : bg/1494 bg/1496 bg/1498 bg/1500 bg/1502 bg/1505
                                       : bg/1510 bg/1512 bg/1514 bg/1518 bg/1522 bg/1524
                                       : bg/1526 bg/1528 bg/1532 bg/1534 bg/1536 bg/1542
                                       : bg/1546 bg/1548 bg/1556 bg/1558 bg/1560 bg/1562
                                       : bg/1564 bg/1566 bg/1568 bg/1570 bg/1572 bg/1574
                                       : bg/1578 bg/1580 bg/1582 bg/1584 bg/1586 bg/1588
                                       : bg/1589 bg/1591 bg/1593 bg/1597 bg/1601 bg/1603
                                       : bg/1605 bg/1607 bg/1610 bg/1612 bg/1614 bg/1616
                                       : bg/1618 bg/1620 bg/1624 bg/1626 bg/1628 bg/1634
                                       : bg/1636 bg/1638 bg/1640 bg/1642 bg/1644 bg/1646
                                       : bg/1648 bg/1650 bg/1652 bg/1654 bg/1658 bg/1662
                                       : bg/1664 bg/1666 bg/1668 bg/1670 bg/1672 bg/1674
                                       : bg/1676 bg/1680 bg/1682 bg/1684 bg/1686 bg/1688
                                       : bg/1690 bg/1692 bg/1694 bg/1696 bg/1698 bg/1699
                                       : bg/1701 bg/1704 bg/1706 bg/1708 bg/1710 bg/1714
                                       : bg/1716 bg/1718 bg/1720 bg/1722 bg/1723 bg/1725
                                       : bg/1728 bg/1730 bg/1732 bg/1733 bg/1736 bg/1737
                                       : bg/1739 bg/1741 bg/1743 bg/1746 bg/1747 bg/1750
                                       : bg/1752 bg/1754 bg/1756 bg/1758 bg/1760 bg/1762
                                       : bg/1764 bg/1766 bg/1768 bg/1770 bg/1772 bg/1774
                                       : bg/1776 bg/1778 bg/1780 bg/1782 bg/1784 bg/1786
                                       : bg/1788 bg/1790 bg/1792 bg/1794 bg/1798 bg/1800
                                       : bg/1802 bg/1804 bg/1806 bg/1808 bg/1810 bg/1812
                                       : bg/1814 bg/1816 bg/1818 bg/1820 bg/1822 bg/1824
                                       : bg/1826 bg/1828 bg/1830 bg/1832 bg/1834 bg/1836
                                       : bg/1838 bg/1842 bg/1846 bg/1848 bg/1852 bg/1854
                                       : bg/1856 bg/1860 bg/1862 bg/1864 bg/1866 bg/1868
                                       : bg/1872 bg/1880 bg/1882 bg/1884 bg/1886 bg/1888
                                       : bg/1890 bg/1892 bg/1894 bg/1896 bg/1898 bg/1900
                                       : bg/1902 bg/1904 bg/1908 bg/1910 bg/1912 bg/1916
                                       : bg/1920 bg/1922 bg/1924 bg/1926 bg/1930 bg/1944
                                       : bg/1946 bg/1948 bg/1964 bg/1968 bg/1972 bg/1978
                                       : bg/1980 bg/1984 bg/1990 bg/1992 bg/1996 bg/2000
                                       : bg/2002 bg/2004 bg/2006 bg/2008 bg/2010 bg/2014
                                       : bg/2016 bg/2020 bg/2022 bg/2024 bg/2025 bg/2030
                                       : bg/2034 bg/2038 bg/2040 bg/2042 bg/2044 bg/2046
                                       : bg/2050 bg/2056 bg/2068 bg/2070 bg/2075 bg/2080
                                       : bg/2084 bg/2086 bg/2094 bg/2096 bg/2097 bg/2104
                                       : bg/2108 bg/2116 bg/2120 bg/2122 bg/2124 bg/2125
                                       : bg/2128 bg/2136 bg/2140 bg/2146 bg/2150 bg/2152
                                       : bg/2153 bg/2156 bg/2159 bg/2167 bg/2170 bg/2171
                                       : bg/2176 bg/2178 bg/2180 bg/2186 bg/2187 bg/2192
                                       : bg/2193 bg/2195 bg/2197 bg/2199 bg/2204 bg/2208
                                       : bg/2210 bg/2212 bg/2213 bg/2216 bg/2217 bg/2221
                                       : bg/2225 bg/2227 bg/2230 bg/2232 bg/2233 bg/2235
                                       : bg/2237 bg/2239 bg/2242 bg/2245 bg/2247 bg/2249
                                       : bg/2251 bg/2253 bg/2255 bg/2257 bg/2259 bg/2268
                                       : bg/2270 bg/2272 bg/2274 bg/2276 bg/2278 bg/2280
                                       : bg/2282 bg/2284 bg/2286 bg/2288 bg/2290 bg/2292
                                       : bg/2294 bg/2303 bg/2305 bg/2308 bg/2311 bg/2313
                                       : bg/2315 bg/2317 bg/2319 abt/1 abt/2
    # of nonzero coefficients (HS)     :       383986
    Fill of coefficient matrix         :        0.007
    # of NZE in factor                 :       332471
    Total storage required             :      2447214
    Total storage defined (total)      :     80000000
    CPU-time for solving (per rnd)     :      0:00:19
    CPU-time for inverting (per rnd)   :      0:00:19
    MFLOPs during factorization        :        53.04
    Non zero coefficients stored       :      50000, filled:   0.2% hit rate:    1.0 at line:    50000

     --------------------------------- VCE 5.1.2  -----------------------------------
     16.10.2007  13:46:19             ltz_ffl.vce                              page 4
 
 
    ********************************************************************************
    *                       S E T T I N G    U P    M M E                          *
    ********************************************************************************
 
    Non zero coefficients stored       :     100000, filled:   0.3% hit rate:    1.0 at line:     7036
    Non zero coefficients stored       :     150000, filled:   0.5% hit rate:    1.0 at line:    22011
    Non zero coefficients stored       :     200000, filled:   0.6% hit rate:    1.0 at line:    34829
    Non zero coefficients stored       :     250000, filled:   0.8% hit rate:    1.0 at line:    42208
    Non zero coefficients stored       :     300000, filled:   1.0% hit rate:    1.0 at line:    48981
    Non zero coefficients stored       :     350000, filled:   1.1% hit rate:    1.0 at line:    68214
    All non zeros are loaded           :       351423
    Number of equations                :        75162
    Filling rate of LHS storage space  :       1.1134
    Hit rate by setting up LHS         :       1.0024
    Zero diagonal coefficients stored  :          950
    AG  20.3     1  40251.57     500   0   0   0   0   0   0   0   0 --  333 333  57 500 333  57 500
    AG   1.5     2  480486.9     591 500   0   0   0   0   0   0   0 --    0 591 401 638 408 649 361
    AG   1.5     3  432268.6       8 591 500   0   0   0   0   0   0 --    0 591 397 637 408 640 362
    AG   1.5     4  369701.5      25   8 591 500   0   0   0   0   0 --    0 591 383 634 408 614 365
    AG   1.6     5  304142.3      63  25   8 591 500   0   0   0   0 --    0 590 351 626 409 551 373
    AG   1.5     6  229004.5     149  63  25   8 591 500   0   0   0 --    0 588 273 600 410 401 399
    AG   1.5     7  141349.6     210 149  63  25   8 591 500   0   0 --    6 577 150 545 416 190 454
    AG   1.6     8  60291.62     109 210 149  63  25   8 591 500   0 --   98 494  75 508 406  81 491
    AG   1.5     9  40437.03     176 109 210 149  63  25   8 591 500 --  275 370  60 501 353  60 498
    AG   1.5    10  40052.90      32 176 109 210 149  63  25   8 591 --  307 349  58 500 342  58 499
    AG   1.5    11  40040.54       6  32 176 109 210 149  63  25   8 --  308 355  59 500 335  60 499
    AG   1.5    12  39859.59     124   6  32 176 109 210 149  63  25 --  303 480  77 510 216  83 489
    AG   1.6    13  39877.36     159 124   6  32 176 109 210 149  63 --  272 639 100 522  88 113 477
    AG   1.5    14  39799.31      81 159 124   6  32 176 109 210 149 --  291 558  88 515 150  97 484
    AG   1.5    15  39785.85      32  81 159 124   6  32 176 109 210 --  287 591  94 519 121 104 480
    AG   1.5    16  39767.02      22  32  81 159 124   6  32 176 109 --  287 614 100 523  98 111 476
    AG   1.5    17  39752.84      22  22  32  81 159 124   6  32 176 --  288 635 108 528  76 118 471
    AG   1.5    18  39747.81      25  22  22  32  81 159 124   6  32 --  285 660 116 533  54 127 466
    AG   1.6    19  39744.69      11  25  22  22  32  81 159 124   6 --  284 672 123 538  42 133 461
    AG   1.5    20  39742.59      12  11  25  22  22  32  81 159 124 --  283 685 131 543  31 140 456
    AG   1.5    21  39740.22      11  12  11  25  22  22  32  81 159 --  282 697 142 552  20 148 447
    AG   1.5    22  39739.42      19  11  12  11  25  22  22  32  81 --  277 715 161 566   7 163 433
    AG   1.5    23  39736.87       5  19  11  12  11  25  22  22  32 --  279 713 167 571   7 165 428
    AG   1.5    24  39736.06      13   5  19  11  12  11  25  22  22 --  277 719 180 581   2 175 418
    AG   1.5    25  39735.88       6  13   5  19  11  12  11  25  22 --  276 721 186 587   1 179 412
    AG   1.5    26  39735.74       3   6  13   5  19  11  12  11  25 --  276 721 190 589   1 180 410
    AG   1.7    27  39735.48       6   3   6  13   5  19  11  12  11 --  276 722 196 595   1 183 404
    AG   1.5    28  39734.40      24   6   3   6  13   5  19  11  12 --  274 725 220 615   0 192 384
    AG   1.5    29  39732.38      44  24   6   3   6  13   5  19  11 --  269 730 265 653   0 208 346
    AG   1.8    30  39729.86     441  44  24   6   3   6  13   5  19 --  262 737 326 711   0-232 288
    AG   1.5    31  39728.99      11 441  44  24   6   3   6  13   5 --  263 735 315 700   1-231 299
    AG   1.5    32  39727.91       3  11 441  44  24   6   3   6  13 --  262 734 313 697   3-230 302
    AG   1.5    33  39727.82      18   3  11 441  44  24   6   3   6 --  260 736 332 715   3-234 284
    AG   1.5    34  39727.76       4  18   3  11 441  44  24   6   3 --  260 736 327 711   3-233 288
    AG   1.5    35  39727.72       1   4  18   3  11 441  44  24   6 --  260 736 325 710   3-233 289
    AG   1.5    36  39727.59       2   1   4  18   3  11 441  44  24 --  259 736 323 710   3-233 289
    AG   1.6    37  39727.34       3   2   1   4  18   3  11 441  44 --  258 736 319 713   5-235 286
    AG   1.5    38  39727.00       9   3   2   1   4  18   3  11 441 --  255 736 320 723   8-239 276
    AG   1.5    39  39726.48      17   9   3   2   1   4  18   3  11 --  251 737 329 741  10-245 258
    AG   1.5    40  39725.83      21  17   9   3   2   1   4  18   3 --  247 735 341 763  17-255 236
    AG   1.5    41  39725.71      17  21  17   9   3   2   1   4  18 --  245 735 355 780  18-263 219
    AG   1.5    42  39725.13       9  17  21  17   9   3   2   1   4 --  244 729 346 775  25-264 224
    AG   1.5    43  39725.03       9   9  17  21  17   9   3   2   1 --  246 727 340 766  25-261 233
    AG   1.9    44  39724.98       4   9   9  17  21  17   9   3   2 --  247 725 335 761  27-260 238
    AG   1.5    45  39724.97       0   4   9   9  17  21  17   9   3 --  247 725 336 762  27-260 237
    AG   1.5    46  39724.94       3   0   4   9   9  17  21  17   9 --  246 725 336 765  28-261 234
    AG   1.5    47  39724.89       5   3   0   4   9   9  17  21  17 --  244 725 336 770  29-262 229
    AG   1.7    48  39724.75      10   5   3   0   4   9   9  17  21 --  240 727 334 781  31-263 218
    AG   1.5    49  39724.50      17  10   5   3   0   4   9   9  17 --  233 733 326 798  33-262 201
    AG   1.6    50  39724.13      21  17  10   5   3   0   4   9   9 --  221 744 311 820  33-256 179
    AG   2.0    51  39723.79      17  21  17  10   5   3   0   4   9 --  210 758 293 837  31-247 162
    AG   1.5    52  39723.65       9  17  21  17  10   5   3   0   4 --  206 766 283 840  26-239 159
    AG   1.5    53  39723.64       4   9  17  21  17  10   5   3   0 --  208 765 284 836  26-238 163
    AG   1.5    54  39723.63       4   4   9  17  21  17  10   5   3 --  210 763 286 831  25-238 168
    AG   1.5    55  39723.63       1   4   4   9  17  21  17  10   5 --  210 763 286 830  25-238 169
    AG   1.5    56  39723.61       5   1   4   4   9  17  21  17  10 --  211 762 285 825  25-235 174
    AG   1.5    57  39723.56       5   5   1   4   4   9  17  21  17 --  210 763 284 819  25-230 180
    AG   1.6    58  39723.43      16   5   5   1   4   4   9  17  21 --  205 768 282 809  26-213 190
    AG   1.7    59  39723.13      38  16   5   5   1   4   4   9  17 --  189 783 277 795  27-175 204
    AG   1.5    60  39722.52      78  38  16   5   5   1   4   4   9 --  148 819 270 781  31 -97 218
    AG   1.5    61  39721.85      74  78  38  16   5   5   1   4   4 --  109 855 269 780  35 -23 219
    AG   1.5    62  39721.27      17  74  78  38  16   5   5   1   4 --  100 864 279 791  35  -5 208
    AG   1.6    63  39721.23       4  17  74  78  38  16   5   5   1 --  102 864 281 795  33  -9 204
    AG   1.9    64  39721.23       4   4  17  74  78  38  16   5   5 --  100 866 281 795  33  -4 204
    AG   1.5    65  39721.23       0   4   4  17  74  78  38  16   5 --  100 866 281 795  33  -5 204
    AG   1.6    66  39721.23       1   0   4   4  17  74  78  38  16 --  101 865 282 795  33  -6 204
    AG   1.5    67  39721.22       1   1   0   4   4  17  74  78  38 --  103 863 283 794  33  -7 205
    AG   1.5    68  39721.21       2   1   1   0   4   4  17  74  78 --  105 861 283 793  33  -4 206
    AG   1.5    69  39721.17      11   2   1   1   0   4   4  17  74 --  109 856 284 791  33   6 208
    AG   1.5    70  39721.08      36  11   2   1   1   0   4   4  17 --  116 849 283 788  34  42 211
    AG   1.7    71  39720.92      83  36  11   2   1   1   0   4   4 --  126 838 277 783  35 126 216
    AG   2.0    72  39720.72     102  83  36  11   2   1   1   0   4 --  133 830 268 779  35 228 220
    AG   1.5    73  39720.35     122 102  83  36  11   2   1   1   0 --  136 827 255 779  36 350 220
    AG   1.5    74  39719.74     139 122 102  83  36  11   2   1   1 --  126 835 237 782  37 490 217
    AG   1.5    75  39719.68     172 139 122 102  83  36  11   2   1 --  108 850 216 765  41 663 234
    AG   1.5    76  39719.44      18 172 139 122 102  83  36  11   2 --   90 869 216 781  40 670 218
    AG   1.5    77  39719.11      27  18 172 139 122 102  83  36  11 --  106 855 212 777  38 698 222
    AG   1.5    78  39719.03      60  27  18 172 139 122 102  83  36 --  106 853 207 770  40 759 229
    AG   1.9    79  39718.93      24  60  27  18 172 139 122 102  83 --  110 849 205 770  40 784 229
    AG   1.7    80  39718.81      76  24  60  27  18 172 139 122 102 --  113 848 194 765  38 860 234
    AG   1.5    81  39718.70      29  76  24  60  27  18 172 139 122 --  114 847 193 770  38 889 229
    AG   1.5    82  39718.69      65  29  76  24  60  27  18 172 139 --  113 846 186 760  40 954 239
    AG   1.5    83  39718.62      32  65  29  76  24  60  27  18 172 --  111 849 190 770  39 922 229
    AG   1.5    84  39718.59      18  32  65  29  76  24  60  27  18 --  110 850 187 769  39 940 230
    AG   1.5    85  39718.66      42  18  32  65  29  76  24  60  27 --  109 850 180 761  39 983 238
    AG   1.6    86  39718.57      27  42  18  32  65  29  76  24  60 --  110 850 185 768  39 955 231
    AG   1.9    87  39718.55      16  27  42  18  32  65  29  76  24 --  109 850 183 767  39 971 232
    AG   1.5    88  39718.53       4  16  27  42  18  32  65  29  76 --  109 850 183 767  39 976 232
    AG   1.5    89  39718.51      12   4  16  27  42  18  32  65  29 --  110 850 181 768  39 988 231
    AG   1.5    90  39718.50       5  12   4  16  27  42  18  32  65 --  110 849 181 768  39 994 231
    AG   1.5    91  39718.49       4   5  12   4  16  27  42  18  32 --  110 849 180 767  39 999 232
    AG   1.9    92  39718.49       2   4   5  12   4  16  27  42  18 --  110 850 181 769  39 999 230
    AG   1.5    93  39718.49       0   2   4   5  12   4  16  27  42 --  110 849 181 769  39 999 230
    AG   1.6    94  39718.49       0   0   2   4   5  12   4  16  27 --  110 849 181 769  39 999 230
    AG   1.5    95  39718.49       0   0   0   2   4   5  12   4  16 --  110 849 181 769  39 999 230

     --------------------------------- VCE 5.1.2  -----------------------------------
     16.10.2007  13:48:53             ltz_ffl.vce                              page 5
 
 
    ********************************************************************************
    *                      M O D E L  I N F O R M A T I O N                        *
    ********************************************************************************
 
    Factor     within     T Levels Skip        ltz       ffl
    ________________________________________________________________________________
    sex                   F      3 .             1         1
    bjq                   F      5               1         -
    bg                    F   1161 .             1         1
    wu                    R      9               1         -
    animal                A  36408               1         1
    skmw                  F      1               -         1
    abt                   F      3 .             -         1
    ________________________________________________________________________________
 
    ********************************************************************************
    *         C O E F F I C I E N T  M A T R I X  I N F O R M A T I O N            *
    ********************************************************************************
 
    Setting up mixed model equations
    ________________________________________________________________________________
    Machine precision (tolerance)      : 0.222045E-15
    Warning theshold on inv. (A-1A)-I  : 0.100000E-06
    Traits transformed. See option     :  all  all
    Covariates transformed. See options:  avg
    Number of equations                :        75162
    Rank of the system                 :        75162
    Equations set to zero              :  sex/1 sex/4 sex/5 bg/1 bg/4 bg/10 bg/13 bg/16 bg/18
                                       : bg/20 bg/22 bg/24 bg/27 bg/29 bg/32 bg/33 bg/35 bg/37
                                       : bg/41 bg/43 bg/45 bg/47 bg/49 bg/51 bg/53 bg/55 bg/57
                                       : bg/59 bg/61 bg/63 bg/67 bg/69 bg/71 bg/73 bg/76 bg/79
                                       : bg/81 bg/83 bg/87 bg/89 bg/92 bg/94 bg/96 bg/98 bg/100
                                       : bg/102 bg/104 bg/106 bg/108 bg/112 bg/116 bg/122
                                       : bg/126 bg/128 bg/130 bg/132 bg/134 bg/136 bg/138
                                       : bg/140 bg/142 bg/144 bg/146 bg/148 bg/150 bg/154
                                       : bg/156 bg/160 bg/162 bg/164 bg/168 bg/170 bg/172
                                       : bg/174 bg/176 bg/186 bg/190 bg/194 bg/196 bg/198
                                       : bg/200 bg/202 bg/204 bg/206 bg/208 bg/210 bg/212
                                       : bg/214 bg/216 bg/218 bg/220 bg/221 bg/224 bg/226
                                       : bg/228 bg/234 bg/236 bg/239 bg/247 bg/249 bg/256
                                       : bg/259 bg/262 bg/264 bg/266 bg/268 bg/270 bg/272
                                       : bg/274 bg/276 bg/278 bg/280 bg/284 bg/286 bg/288
                                       : bg/290 bg/292 bg/300 bg/304 bg/312 bg/314 bg/316
                                       : bg/320 bg/322 bg/324 bg/326 bg/332 bg/336 bg/338
                                       : bg/340 bg/344 bg/346 bg/348 bg/350 bg/352 bg/354
                                       : bg/356 bg/358 bg/360 bg/362 bg/366 bg/368 bg/370
                                       : bg/372 bg/376 bg/378 bg/384 bg/394 bg/396 bg/398
                                       : bg/400 bg/402 bg/408 bg/410 bg/412 bg/414 bg/416
                                       : bg/418 bg/420 bg/422 bg/424 bg/426 bg/428 bg/430
                                       : bg/432 bg/434 bg/436 bg/438 bg/440 bg/442 bg/444
                                       : bg/446 bg/448 bg/450 bg/452 bg/454 bg/456 bg/458
                                       : bg/460 bg/462 bg/464 bg/466 bg/470 bg/472 bg/474
                                       : bg/476 bg/478 bg/480 bg/482 bg/490 bg/492 bg/496
                                       : bg/498 bg/500 bg/502 bg/504 bg/506 bg/510 bg/512
                                       : bg/516 bg/518 bg/520 bg/524 bg/526 bg/528 bg/530
                                       : bg/532 bg/534 bg/536 bg/538 bg/540 bg/542 bg/544
                                       : bg/546 bg/548 bg/550 bg/552 bg/556 bg/558 bg/560
                                       : bg/562 bg/564 bg/566 bg/570 bg/572 bg/574 bg/576
                                       : bg/578 bg/582 bg/584 bg/586 bg/588 bg/590 bg/592
                                       : bg/594 bg/596 bg/598 bg/600 bg/602 bg/604 bg/608
                                       : bg/610 bg/612 bg/614 bg/618 bg/620 bg/622 bg/624
                                       : bg/626 bg/628 bg/630 bg/632 bg/634 bg/636 bg/638
                                       : bg/640 bg/642 bg/644 bg/646 bg/648 bg/650 bg/654
                                       : bg/656 bg/658 bg/660 bg/662 bg/663 bg/666 bg/668
                                       : bg/670 bg/672 bg/674 bg/676 bg/678 bg/680 bg/682
                                       : bg/684 bg/686 bg/688 bg/692 bg/694 bg/696 bg/698
                                       : bg/700 bg/702 bg/704 bg/706 bg/708 bg/710 bg/712
                                       : bg/714 bg/716 bg/718 bg/720 bg/722 bg/726 bg/728
                                       : bg/732 bg/734 bg/738 bg/740 bg/742 bg/744 bg/746
                                       : bg/748 bg/750 bg/754 bg/756 bg/760 bg/762 bg/764
                                       : bg/766 bg/768 bg/770 bg/772 bg/774 bg/776 bg/780
                                       : bg/786 bg/790 bg/792 bg/794 bg/796 bg/798 bg/800
                                       : bg/802 bg/804 bg/806 bg/808 bg/810 bg/812 bg/814
                                       : bg/818 bg/820 bg/822 bg/824 bg/826 bg/828 bg/830
                                       : bg/834 bg/836 bg/838 bg/840 bg/846 bg/848 bg/850
                                       : bg/852 bg/854 bg/856 bg/858 bg/860 bg/862 bg/864
                                       : bg/866 bg/868 bg/870 bg/872 bg/874 bg/876 bg/878
                                       : bg/880 bg/882 bg/884 bg/886 bg/888 bg/890 bg/892
                                       : bg/894 bg/896 bg/898 bg/900 bg/902 bg/904 bg/906
                                       : bg/910 bg/912 bg/914 bg/916 bg/918 bg/920 bg/922
                                       : bg/924 bg/926 bg/928 bg/932 bg/934 bg/936 bg/938
                                       : bg/940 bg/942 bg/944 bg/948 bg/950 bg/952 bg/954
                                       : bg/956 bg/958 bg/960 bg/962 bg/964 bg/966 bg/968
                                       : bg/970 bg/972 bg/974 bg/976 bg/978 bg/980 bg/982
                                       : bg/984 bg/986 bg/988 bg/990 bg/992 bg/994 bg/996
                                       : bg/998 bg/1000 bg/1002 bg/1004 bg/1006 bg/1008 bg/1010
                                       : bg/1012 bg/1014 bg/1016 bg/1018 bg/1022 bg/1024
                                       : bg/1026 bg/1032 bg/1034 bg/1036 bg/1038 bg/1040
                                       : bg/1044 bg/1048 bg/1050 bg/1052 bg/1054 bg/1056
                                       : bg/1058 bg/1060 bg/1062 bg/1064 bg/1066 bg/1068
                                       : bg/1070 bg/1072 bg/1074 bg/1076 bg/1078 bg/1080
                                       : bg/1082 bg/1084 bg/1086 bg/1088 bg/1090 bg/1092
                                       : bg/1094 bg/1096 bg/1098 bg/1100 bg/1102 bg/1104
                                       : bg/1106 bg/1108 bg/1110 bg/1112 bg/1114 bg/1116
                                       : bg/1118 bg/1120 bg/1122 bg/1128 bg/1130 bg/1134
                                       : bg/1136 bg/1138 bg/1142 bg/1144 bg/1148 bg/1150
                                       : bg/1156 bg/1158 bg/1160 bg/1162 bg/1164 bg/1166
                                       : bg/1168 bg/1170 bg/1172 bg/1174 bg/1176 bg/1178
                                       : bg/1180 bg/1182 bg/1184 bg/1186 bg/1188 bg/1190
                                       : bg/1192 bg/1194 bg/1196 bg/1198 bg/1200 bg/1202
                                       : bg/1204 bg/1206 bg/1208 bg/1210 bg/1214 bg/1216
                                       : bg/1220 bg/1222 bg/1224 bg/1226 bg/1228 bg/1230
                                       : bg/1232 bg/1234 bg/1236 bg/1238 bg/1240 bg/1242
                                       : bg/1244 bg/1246 bg/1248 bg/1250 bg/1252 bg/1254
                                       : bg/1256 bg/1258 bg/1260 bg/1262 bg/1264 bg/1266
                                       : bg/1268 bg/1270 bg/1272 bg/1274 bg/1278 bg/1280
                                       : bg/1282 bg/1284 bg/1286 bg/1288 bg/1290 bg/1292
                                       : bg/1294 bg/1296 bg/1298 bg/1300 bg/1302 bg/1306
                                       : bg/1308 bg/1310 bg/1312 bg/1314 bg/1316 bg/1318
                                       : bg/1320 bg/1322 bg/1324 bg/1326 bg/1328 bg/1330
                                       : bg/1332 bg/1334 bg/1336 bg/1338 bg/1340 bg/1342
                                       : bg/1346 bg/1348 bg/1350 bg/1352 bg/1354 bg/1356
                                       : bg/1358 bg/1360 bg/1362 bg/1364 bg/1366 bg/1368
                                       : bg/1370 bg/1372 bg/1374 bg/1376 bg/1378 bg/1380
                                       : bg/1382 bg/1384 bg/1386 bg/1388 bg/1390 bg/1392
                                       : bg/1394 bg/1396 bg/1398 bg/1400 bg/1402 bg/1404
                                       : bg/1406 bg/1408 bg/1410 bg/1412 bg/1414 bg/1416
                                       : bg/1418 bg/1420 bg/1422 bg/1424 bg/1426 bg/1430
                                       : bg/1432 bg/1434 bg/1436 bg/1438 bg/1440 bg/1442
                                       : bg/1444 bg/1446 bg/1448 bg/1450 bg/1452 bg/1454
                                       : bg/1456 bg/1458 bg/1460 bg/1464 bg/1466 bg/1468
                                       : bg/1470 bg/1472 bg/1474 bg/1476 bg/1478 bg/1480
                                       : bg/1482 bg/1484 bg/1486 bg/1488 bg/1490 bg/1492
                                       : bg/1494 bg/1496 bg/1498 bg/1500 bg/1502 bg/1505
                                       : bg/1510 bg/1512 bg/1514 bg/1518 bg/1522 bg/1524
                                       : bg/1526 bg/1528 bg/1532 bg/1534 bg/1536 bg/1542
                                       : bg/1546 bg/1548 bg/1556 bg/1558 bg/1560 bg/1562
                                       : bg/1564 bg/1566 bg/1568 bg/1570 bg/1572 bg/1574
                                       : bg/1578 bg/1580 bg/1582 bg/1584 bg/1586 bg/1588
                                       : bg/1589 bg/1591 bg/1593 bg/1597 bg/1601 bg/1603
                                       : bg/1605 bg/1607 bg/1610 bg/1612 bg/1614 bg/1616
                                       : bg/1618 bg/1620 bg/1624 bg/1626 bg/1628 bg/1634
                                       : bg/1636 bg/1638 bg/1640 bg/1642 bg/1644 bg/1646
                                       : bg/1648 bg/1650 bg/1652 bg/1654 bg/1658 bg/1662
                                       : bg/1664 bg/1666 bg/1668 bg/1670 bg/1672 bg/1674
                                       : bg/1676 bg/1680 bg/1682 bg/1684 bg/1686 bg/1688
                                       : bg/1690 bg/1692 bg/1694 bg/1696 bg/1698 bg/1699
                                       : bg/1701 bg/1704 bg/1706 bg/1708 bg/1710 bg/1714
                                       : bg/1716 bg/1718 bg/1720 bg/1722 bg/1723 bg/1725
                                       : bg/1728 bg/1730 bg/1732 bg/1733 bg/1736 bg/1737
                                       : bg/1739 bg/1741 bg/1743 bg/1746 bg/1747 bg/1750
                                       : bg/1752 bg/1754 bg/1756 bg/1758 bg/1760 bg/1762
                                       : bg/1764 bg/1766 bg/1768 bg/1770 bg/1772 bg/1774
                                       : bg/1776 bg/1778 bg/1780 bg/1782 bg/1784 bg/1786
                                       : bg/1788 bg/1790 bg/1792 bg/1794 bg/1798 bg/1800
                                       : bg/1802 bg/1804 bg/1806 bg/1808 bg/1810 bg/1812
                                       : bg/1814 bg/1816 bg/1818 bg/1820 bg/1822 bg/1824
                                       : bg/1826 bg/1828 bg/1830 bg/1832 bg/1834 bg/1836
                                       : bg/1838 bg/1842 bg/1846 bg/1848 bg/1852 bg/1854
                                       : bg/1856 bg/1860 bg/1862 bg/1864 bg/1866 bg/1868
                                       : bg/1872 bg/1880 bg/1882 bg/1884 bg/1886 bg/1888
                                       : bg/1890 bg/1892 bg/1894 bg/1896 bg/1898 bg/1900
                                       : bg/1902 bg/1904 bg/1908 bg/1910 bg/1912 bg/1916
                                       : bg/1920 bg/1922 bg/1924 bg/1926 bg/1930 bg/1944
                                       : bg/1946 bg/1948 bg/1964 bg/1968 bg/1972 bg/1978
                                       : bg/1980 bg/1984 bg/1990 bg/1992 bg/1996 bg/2000
                                       : bg/2002 bg/2004 bg/2006 bg/2008 bg/2010 bg/2014
                                       : bg/2016 bg/2020 bg/2022 bg/2024 bg/2025 bg/2030
                                       : bg/2034 bg/2038 bg/2040 bg/2042 bg/2044 bg/2046
                                       : bg/2050 bg/2056 bg/2068 bg/2070 bg/2075 bg/2080
                                       : bg/2084 bg/2086 bg/2094 bg/2096 bg/2097 bg/2104
                                       : bg/2108 bg/2116 bg/2120 bg/2122 bg/2124 bg/2125
                                       : bg/2128 bg/2136 bg/2140 bg/2146 bg/2150 bg/2152
                                       : bg/2153 bg/2156 bg/2159 bg/2167 bg/2170 bg/2171
                                       : bg/2176 bg/2178 bg/2180 bg/2186 bg/2187 bg/2192
                                       : bg/2193 bg/2195 bg/2197 bg/2199 bg/2204 bg/2208
                                       : bg/2210 bg/2212 bg/2213 bg/2216 bg/2217 bg/2221
                                       : bg/2225 bg/2227 bg/2230 bg/2232 bg/2233 bg/2235
                                       : bg/2237 bg/2239 bg/2242 bg/2245 bg/2247 bg/2249
                                       : bg/2251 bg/2253 bg/2255 bg/2257 bg/2259 bg/2268
                                       : bg/2270 bg/2272 bg/2274 bg/2276 bg/2278 bg/2280
                                       : bg/2282 bg/2284 bg/2286 bg/2288 bg/2290 bg/2292
                                       : bg/2294 bg/2303 bg/2305 bg/2308 bg/2311 bg/2313
                                       : bg/2315 bg/2317 bg/2319 abt/1 abt/2
    # of nonzero coefficients (HS)     :       351423
    Fill of coefficient matrix         :        0.006
    # of NZE in factor                 :       332471
    Total storage required             :      2447214
    Total storage defined (total)      :     80000000
    CPU-time for solving (per rnd)     :      0:00:19
    CPU-time for inverting (per rnd)   :      0:02:47
    MFLOPs during factorization        :        57.11

     --------------------------------- VCE 5.1.2  -----------------------------------
     16.10.2007  13:48:53             ltz_ffl.vce                              page 6
 
 
    ********************************************************************************
    *                 E S T I M A T E S   I N F O R M A T I O N                    *
    ********************************************************************************
 
    Tue Oct 16 13:48:53 2007abt/1 abt/2                   CPU time used:     0:02:47
 
    AG Log likelihood :   39718.4861  status :  1   at iteration:      95 /    95
 
 
    ----------------------------- Matrices: NATURAL  -------------------------------
        4  1  1 R  wu                              9 T
              0.4637E+03
 
        5  2  1 A  animal                          36408 T T
              0.3569E+04  0.3791E+02
                          0.1224E+02
 
        8  3  1 E  residual                        474 T T
              0.1664E+03  0.2472E+02
                          0.3671E+01
 
    --------------------------- Matrices: Phenotypic  ------------------------------
              0.4199E+04  0.6262E+02
                          0.1591E+02
 
    ----------------------------- Matrices: RATIOS  --------------------------------
        4  1  1 R  wu                            
              0.1104E+00
 
        5  2  1 A  animal                        
              0.8499E+00  0.1813E+00
                          0.7693E+00
 
        8  3  1 E  residual                      
              0.3962E-01  0.1000E+01
                          0.2307E+00
 
    ---------------------- Matrices: STD_ERR of components  ------------------------
        4  1  1 R  wu                            
              0.2380E+01
 
        5  2  1 A  animal                        
              0.1069E+01  0.2028E+01
                          0.2252E+00
 
        8  3  1 E  residual                      
              0.8456E+00  0.8982E+01
                          0.1679E+00
 
    ------------------------ Matrices: STD_ERR of ratios  --------------------------
        4  1  1 R  wu                            
              0.3404E-01
 
        5  2  1 A  animal                        
              0.3483E-01  0.3916E-01
                          0.5031E-01
 
        8  3  1 E  residual                      
              0.1387E-01  0.8239E-03
                          0.5031E-01
 
