     --------------------------------- VCE 5.1.2  -----------------------------------
     16.10.2007  14:33:19            rmfl_ptz.vce                              page 1
 
 
 
    ********************************************************************************
    *                    T R A I T S   A N D   E F F E C T S                       *
    ********************************************************************************
 
    Code Trait name  List of effects
    ________________________________________________________________________________
      1 rmfl        skmw      sex       abt       bg        animal
      2 ptz                   sex       abt       bg        animal    pelm      wu
 
    ********************************************************************************
    *               E F F E C T S   A N D   C O V A R I A N C E S                  *
    ********************************************************************************
 
    Code   Effect name Type Length Level Start COVARIANCE  Type Length Level Start Pattern
    ______________________________________________________________________________________
       1   skmw       :  F     1      1      1
       2   sex        :  F     2      3      2
       3   abt        :  F     2      2      8
       4   bg         :  F     2    360     12
       5   animal     :  A     2  36408    732  animal     :  A     2      1      1 T T
       6   pelm       :  F     1      1  73548
       7   wu         :  R     1      5  73549  wu         :  R     1      1      2 T
                                                residual   :  E     2      1      3 T T
    ________________________________________________________________________________
 
    ********************************************************************************
    *                    G E N E R A L  I N F O R M A T I O N                      *
    ********************************************************************************
 
    VCE was started on :  at Tue Oct 16 14:33:19 2007 by: b08mueul
 
    Comments:
    ________________________________________________________________________________
    |                 ************************************************             |
    |                 *                     VCE-5                    *             |
    |                 *                 version 5.1.2                *             |
    |                 *            17-Dez-2003   14:42:53            *             |
    |                 *         Linux 2.6.0-test11-bk11 i686         *             |
    |                 *                  written by                  *             |
    |                 *       Milena Kovac, Eildert Groeneveld       *             |
    |                 *           and Alberto Garcia-Cortez          *             |
    |                 ************************************************             |
    | test mastitis                                                                |
    ________________________________________________________________________________
 
    Files involved
    ________________________________________________________________________________
    Current directory                  : /home/b08mueul/apiis/apiis-kurs/leicoma/zwisss/mslmr
    Parameter file                     : rmfl_ptz.vce
    Data input file                    : blupdata.txt.vce
    Pedigree input file                : blupped.txt.vce
    Log list file                      : rmfl_ptz.vce.lst
    Covariances for dumped into        : rmfl_ptz.vce.cov-bin
    Covariance matrices written in     : rmfl_ptz.vce.cov-fmt
 
    ********************************************************************************
    *                       D A T A  I N F O R M A T I O N                         *
    ********************************************************************************
 
    General statistics
    ___________________________________________________________________
 
    Variables   # rec.      min.        max.        avg.        std.
    ___________________________________________________________________
    rmfl         1745    29.67000    64.72000    43.79741     5.12380
    ptz          2211   379.00000  1246.00000   913.70285   100.99708
    skmw         2211     0.00000   112.80000    71.84383    34.47391
    pelm         2211     0.00000   135.00000   111.35672    11.88761
    ___________________________________________________________________
    Pattern of traits
    ________________________________
     Count          rmfl       ptz
    ________________________________
       1745        x         x
        466        -         x
        466        -         x
    ________________________________

     --------------------------------- VCE 5.1.2  -----------------------------------
     16.10.2007  14:33:19            rmfl_ptz.vce                              page 2
 
 
    ********************************************************************************
    *                  P E D I G R E E   I N F O R M A T I O N                     *
    ********************************************************************************
 
    Inbreeding             # of animals
    ________________________________________________________________________________
        0                   36408
    ________________________________________________________________________________
    Number of inbred animals           :            0
    Average inbreeding (inbred animals):         0.00
    Maximum inbreeding                 :         0.00
 
    ********************************************************************************
    *         C O V A R I A N C E   M A T R I X   I N F O R M A T I O N            *
    ********************************************************************************
 
    The following (co)variance matrices will be estimated (starting values):
 
    ----------------------------- Matrices: NATURAL  -------------------------------
        5  1  1 A  animal                          36408 T T
              0.8751E+01  0.9959E+01
                          0.3411E+04
 
        7  2  1 R  wu                              5 T
              0.3400E+04
 
        8  3  1 E  residual                        1745 T T
              0.8751E+01  0.9959E+01
                          0.3411E+04
 
    ________________________________________________________________________________
    ----------------------------- Matrices: RATIOS  --------------------------------
        5  1  1 A  animal                        
              0.5000E+00  0.5764E-01
                          0.3337E+00
 
        7  2  1 R  wu                            
              0.3326E+00
 
        8  3  1 E  residual                      
              0.5000E+00  0.5764E-01
                          0.3337E+00
 
    ________________________________________________________________________________
    Thus, optimization is in 7 dimensions.
 
    ********************************************************************************
    *                      M O D E L  I N F O R M A T I O N                        *
    ********************************************************************************
 
    Factor     within     T Levels Skip       rmfl       ptz
    ________________________________________________________________________________
    skmw                  F      1               1         -
    sex                   F      3               1         1
    abt                   F      2               1         1
    bg                    F    360               1         1
    animal                A  36408               1         1
    pelm                  F      1               -         1
    wu                    R      5               -         1
    ________________________________________________________________________________
    Non zero coefficients stored       :      50000, filled:   0.2% hit rate:    1.0 at line:    50000
 
    ********************************************************************************
    *                       S E T T I N G    U P    M M E                          *
    ********************************************************************************
 
    Non zero coefficients stored       :     100000, filled:   0.3% hit rate:    1.0 at line:     1397
    Non zero coefficients stored       :     150000, filled:   0.5% hit rate:    1.0 at line:     5725
    Non zero coefficients stored       :     200000, filled:   0.6% hit rate:    1.0 at line:    14597
    Non zero coefficients stored       :     250000, filled:   0.8% hit rate:    1.0 at line:    20253
    All non zeros are loaded           :       275002
    Number of equations                :        73553
    Filling rate of LHS storage space  :       0.8713
    Hit rate by setting up LHS         :       1.0022
    Zero diagonal coefficients stored  :           56
    IS - allocated for ordering with   :     80000000
    Dimension of equation system       :        73553
    Rank of equation system            :        73493
    Time for solving MME (h:min:sec)   :      0:00:02
    Time for inversion (h:min:sec)     :      0:00:02
 
    ********************************************************************************
    *         C O E F F I C I E N T  M A T R I X  I N F O R M A T I O N            *
    ********************************************************************************
 
    Setting up mixed model equations
    ________________________________________________________________________________
    Machine precision (tolerance)      : 0.222045E-15
    Warning theshold on inv. (A-1A)-I  : 0.100000E-06
    Traits transformed. See option     :  all  all
    Covariates transformed. See options:  avg  avg
    Number of equations                :        73553
    Rank of the system                 :        73493
    Equations set to zero              :  sex/2 abt/1 abt/3 abt/4 bg/1 bg/25 bg/67 bg/75 bg/133
                                       : bg/177 bg/179 bg/185 bg/187 bg/191 bg/201 bg/209
                                       : bg/213 bg/215 bg/219 bg/225 bg/231 bg/233 bg/237
                                       : bg/239 bg/241 bg/243 bg/245 bg/279 bg/281 bg/295
                                       : bg/303 bg/309 bg/315 bg/317 bg/323 bg/325 bg/327
                                       : bg/329 bg/331 bg/337 bg/407 bg/409 bg/411 bg/413
                                       : bg/417 bg/419 bg/421 bg/423 bg/425 bg/431 bg/433
                                       : bg/435 bg/439 bg/449 bg/453 bg/457 bg/537 bg/565
                                       : bg/647 bg/693
    # of nonzero coefficients (HS)     :       275002
    Fill of coefficient matrix         :        0.005
    # of NZE in factor                 :       217798
    Total storage required             :      1820160
    Total storage defined (total)      :     80000000
    CPU-time for solving (per rnd)     :      0:00:02
    CPU-time for inverting (per rnd)   :      0:00:02
    MFLOPs during factorization        :        56.31

     --------------------------------- VCE 5.1.2  -----------------------------------
     16.10.2007  14:33:22            rmfl_ptz.vce                              page 3
 
 
    ********************************************************************************
    *         C O E F F I C I E N T  M A T R I X  I N F O R M A T I O N            *
    ********************************************************************************
 
    Setting up mixed model equations
    ________________________________________________________________________________
    Machine precision (tolerance)      : 0.222045E-15
    Warning theshold on inv. (A-1A)-I  : 0.100000E-06
    Traits transformed. See option     :  all  all
    Covariates transformed. See options:  avg  avg
    Number of equations                :        73553
    Rank of the system                 :        73493
    Equations set to zero              :  sex/2 abt/1 abt/3 abt/4 bg/1 bg/25 bg/67 bg/75 bg/133
                                       : bg/177 bg/179 bg/185 bg/187 bg/191 bg/201 bg/209
                                       : bg/213 bg/215 bg/219 bg/225 bg/231 bg/233 bg/237
                                       : bg/239 bg/241 bg/243 bg/245 bg/279 bg/281 bg/295
                                       : bg/303 bg/309 bg/315 bg/317 bg/323 bg/325 bg/327
                                       : bg/329 bg/331 bg/337 bg/407 bg/409 bg/411 bg/413
                                       : bg/417 bg/419 bg/421 bg/423 bg/425 bg/431 bg/433
                                       : bg/435 bg/439 bg/449 bg/453 bg/457 bg/537 bg/565
                                       : bg/647 bg/693
    # of nonzero coefficients (HS)     :       275002
    Fill of coefficient matrix         :        0.005
    # of NZE in factor                 :       217798
    Total storage required             :      1820160
    Total storage defined (total)      :     80000000
    CPU-time for solving (per rnd)     :      0:00:02
    CPU-time for inverting (per rnd)   :      0:00:02
    MFLOPs during factorization        :        56.31
    Non zero coefficients stored       :      50000, filled:   0.2% hit rate:    1.0 at line:    50000
 
    ********************************************************************************
    *                       S E T T I N G    U P    M M E                          *
    ********************************************************************************
 
    Non zero coefficients stored       :     100000, filled:   0.3% hit rate:    1.0 at line:     1803
    Non zero coefficients stored       :     150000, filled:   0.5% hit rate:    1.0 at line:     7451
    Non zero coefficients stored       :     200000, filled:   0.6% hit rate:    1.0 at line:    15743
    Non zero coefficients stored       :     250000, filled:   0.8% hit rate:    1.0 at line:    21981
    All non zeros are loaded           :       266360
    Number of equations                :        73553
    Filling rate of LHS storage space  :       0.8439
    Hit rate by setting up LHS         :       1.0022
    Zero diagonal coefficients stored  :           60
    AG   4.7     1  20606.54     500   0   0   0   0   0   0   0   0 --  500  57 333 332 500  57 333
    AG   0.9     2  57282.36    1016 500   0   0   0   0   0   0   0 --  697-822 525   0 302-958 474
    AG   0.9     3  52304.36       01016 500   0   0   0   0   0   0 --  697-821 525   0 302-958 474
    AG   0.9     4  45684.70       2   01016 500   0   0   0   0   0 --  696-819 526   0 303-956 473
    AG   1.0     5  38485.44       8   2   01016 500   0   0   0   0 --  692-810 528   0 307-951 470
    AG   1.2     6  30200.98      38   8   2   01016 500   0   0   0 --  678-771 535   5 321-924 458
    AG   1.4     7  22847.56     205  38   8   2   01016 500   0   0 --  622-566 514  90 377-718 395
    AG   1.1     8  20664.14     534 205  38   8   2   01016 500   0 --  541-150 385 279 458-184 334
    AG   0.9     9  20571.80     145 534 205  38   8   2   01016 500 --  517 -28 353 314 482 -38 332
    AG   0.9    10  20561.63      38 145 534 205  38   8   2   01016 --  540 -63 362 323 459 -76 314
    AG   0.9    11  20555.78      42  38 145 534 205  38   8   2   0 --  582 -94 384 322 417-110 293
    AG   0.9    12  20550.19      53  42  38 145 534 205  38   8   2 --  635-107 413 320 364-121 266
    AG   1.0    13  20536.53     191  53  42  38 145 534 205  38   8 --  826-117 526 304 173-116 168
    AG   1.2    14  20533.53      33 191  53  42  38 145 534 205  38 --  840 -98 530 307 159 -82 162
    AG   1.0    15  20532.03      47  33 191  53  42  38 145 534 205 --  878 -80 548 306 121 -35 145
    AG   0.9    16  20531.76      14  47  33 191  53  42  38 145 534 --  887 -80 549 306 112 -20 143
    AG   1.0    17  20531.18      42  14  47  33 191  53  42  38 145 --  919 -89 558 306  80  22 135
    AG   1.1    18  20530.77      43  42  14  47  33 191  53  42  38 --  940-103 558 305  59  65 135
    AG   1.2    19  20530.48      48  43  42  14  47  33 191  53  42 --  957-114 555 305  42 114 139
    AG   0.9    20  20530.14      55  48  43  42  14  47  33 191  53 --  969-124 540 305  30 170 154
    AG   0.9    21  20529.84      42  55  48  43  42  14  47  33 191 --  975-127 525 305  24 213 168
    AG   0.9    22  20529.74      15  42  55  48  43  42  14  47  33 --  969-120 510 307  30 217 182
    AG   0.9    23  20529.68       5  15  42  55  48  43  42  14  47 --  972-121 514 307  27 222 178
    AG   0.9    24  20529.66       1   5  15  42  55  48  43  42  14 --  971-122 514 306  28 220 178
    AG   0.9    25  20529.60       6   1   5  15  42  55  48  43  42 --  964-127 515 306  35 215 178
    AG   1.1    26  20529.54      12   6   1   5  15  42  55  48  43 --  951-136 514 306  48 212 179
    AG   1.3    27  20529.51       8  12   6   1   5  15  42  55  48 --  948-139 511 306  51 221 181
    AG   0.9    28  20529.45      30   8  12   6   1   5  15  42  55 --  946-146 509 305  53 251 184
    AG   1.0    29  20529.34      57  30   8  12   6   1   5  15  42 --  947-156 508 304  52 308 186
    AG   1.1    30  20529.18      97  57  30   8  12   6   1   5  15 --  950-170 513 302  49 405 184
    AG   1.0    31  20529.02      92  97  57  30   8  12   6   1   5 --  952-180 524 299  47 497 176
    AG   0.9    32  20528.93      44  92  97  57  30   8  12   6   1 --  958-180 531 299  41 542 169
    AG   0.9    33  20528.99      91  44  92  97  57  30   8  12   6 --  960-191 533 295  39 634 171
    AG   1.0    34  20528.91      62  91  44  92  97  57  30   8  12 --  958-184 531 298  41 571 169
    AG   0.9    35  20528.91      28  62  91  44  92  97  57  30   8 --  956-187 533 297  43 600 168
    AG   0.9    36  20528.89      14  28  62  91  44  92  97  57  30 --  959-188 533 297  40 615 169
    AG   0.9    37  20528.88       6  14  28  62  91  44  92  97  57 --  961-189 532 297  38 621 170
    AG   1.0    38  20528.87      39   6  14  28  62  91  44  92  97 --  963-193 532 296  36 661 171
    AG   1.1    39  20528.86      29  39   6  14  28  62  91  44  92 --  963-195 532 296  36 690 171
    AG   1.4    40  20528.85      21  29  39   6  14  28  62  91  44 --  964-196 533 295  35 712 170
    AG   0.9    41  20528.85      46  21  29  39   6  14  28  62  91 --  967-198 533 294  32 758 171
    AG   1.0    42  20528.84       2  46  21  29  39   6  14  28  62 --  968-196 534 295  31 755 169
    AG   0.9    43  20528.84      18   2  46  21  29  39   6  14  28 --  969-196 535 294  30 774 170
    AG   0.9    44  20528.84      29  18   2  46  21  29  39   6  14 --  970-197 535 293  29 803 170
    AG   0.9    45  20528.84      11  29  18   2  46  21  29  39   6 --  970-197 535 294  29 791 169
    AG   1.0    46  20528.83       6  11  29  18   2  46  21  29  39 --  970-197 535 294  29 798 169
    AG   1.1    47  20528.83      29   6  11  29  18   2  46  21  29 --  971-199 536 293  28 827 170
    AG   0.9    48  20528.83       2  29   6  11  29  18   2  46  21 --  971-199 536 294  28 825 169
    AG   0.9    49  20528.83      10   2  29   6  11  29  18   2  46 --  971-200 536 293  28 835 169
    AG   0.9    50  20528.83      17  10   2  29   6  11  29  18   2 --  972-201 536 293  27 852 169
    AG   1.1    51  20528.83       2  17  10   2  29   6  11  29  18 --  972-201 536 293  27 850 169
    AG   1.3    52  20528.83       5   2  17  10   2  29   6  11  29 --  972-201 536 293  27 855 169
    AG   1.4    53  20528.83      16   5   2  17  10   2  29   6  11 --  973-201 536 293  26 872 169
    AG   0.9    54  20528.83       4  16   5   2  17  10   2  29   6 --  973-201 536 294  26 867 169
    AG   0.9    55  20528.83       4   4  16   5   2  17  10   2  29 --  973-201 536 294  26 871 169
    AG   0.9    56  20528.83       8   4   4  16   5   2  17  10   2 --  973-201 536 294  26 880 169
    AG   0.9    57  20528.83       2   8   4   4  16   5   2  17  10 --  973-201 536 294  26 878 169
    AG   0.9    58  20528.83       1   2   8   4   4  16   5   2  17 --  973-201 536 294  26 879 169
    AG   1.0    59  20528.83       8   1   2   8   4   4  16   5   2 --  974-201 536 294  25 888 169
    AG   0.9    60  20528.83       1   8   1   2   8   4   4  16   5 --  974-201 536 294  25 889 169
    AG   0.9    61  20528.83       3   1   8   1   2   8   4   4  16 --  974-201 535 295  25 893 168

     --------------------------------- VCE 5.1.2  -----------------------------------
     16.10.2007  14:34:25            rmfl_ptz.vce                              page 4
 
 
    ********************************************************************************
    *                      M O D E L  I N F O R M A T I O N                        *
    ********************************************************************************
 
    Factor     within     T Levels Skip       rmfl       ptz
    ________________________________________________________________________________
    skmw                  F      1               1         -
    sex                   F      3 .             1         1
    abt                   F      2 .             1         1
    bg                    F    360 .             1         1
    animal                A  36408               1         1
    pelm                  F      1               -         1
    wu                    R      5               -         1
    ________________________________________________________________________________
 
    ********************************************************************************
    *         C O E F F I C I E N T  M A T R I X  I N F O R M A T I O N            *
    ********************************************************************************
 
    Setting up mixed model equations
    ________________________________________________________________________________
    Machine precision (tolerance)      : 0.222045E-15
    Warning theshold on inv. (A-1A)-I  : 0.100000E-06
    Traits transformed. See option     :  all  all
    Covariates transformed. See options:  avg  avg
    Number of equations                :        73553
    Rank of the system                 :        73553
    Equations set to zero              :  sex/2 abt/1 abt/3 abt/4 bg/1 bg/25 bg/67 bg/75 bg/133
                                       : bg/177 bg/179 bg/185 bg/187 bg/191 bg/201 bg/209
                                       : bg/213 bg/215 bg/219 bg/225 bg/231 bg/233 bg/237
                                       : bg/239 bg/241 bg/243 bg/245 bg/279 bg/281 bg/295
                                       : bg/303 bg/309 bg/315 bg/317 bg/323 bg/325 bg/327
                                       : bg/329 bg/331 bg/337 bg/407 bg/409 bg/411 bg/413
                                       : bg/417 bg/419 bg/421 bg/423 bg/425 bg/431 bg/433
                                       : bg/435 bg/439 bg/449 bg/453 bg/457 bg/537 bg/565
                                       : bg/647 bg/693
    # of nonzero coefficients (HS)     :       266360
    Fill of coefficient matrix         :        0.005
    # of NZE in factor                 :       217798
    Total storage required             :      1820160
    Total storage defined (total)      :     80000000
    CPU-time for solving (per rnd)     :      0:00:02
    CPU-time for inverting (per rnd)   :      0:01:05
    MFLOPs during factorization        :        66.91
 
    ********************************************************************************
    *                 E S T I M A T E S   I N F O R M A T I O N                    *
    ********************************************************************************
 
    Tue Oct 16 14:34:25 2007                              CPU time used:     0:01:05
 
    AG Log likelihood :   20528.8312  status :  1   at iteration:      61 /    61
 
 
    ----------------------------- Matrices: NATURAL  -------------------------------
        5  1  1 A  animal                          36408 T T
              0.2171E+02 -0.7159E+02
                          0.5791E+04
 
        7  2  1 R  wu                              5 T
              0.3190E+04
 
        8  3  1 E  residual                        1745 T T
              0.5751E+00  0.2895E+02
                          0.1825E+04
 
    --------------------------- Matrices: Phenotypic  ------------------------------
              0.2229E+02 -0.4264E+02
                          0.1081E+05
 
    ----------------------------- Matrices: RATIOS  --------------------------------
        5  1  1 A  animal                        
              0.9742E+00 -0.2019E+00
                          0.5359E+00
 
        7  2  1 R  wu                            
              0.2952E+00
 
        8  3  1 E  residual                      
              0.2581E-01  0.8936E+00
                          0.1689E+00
 
    ---------------------- Matrices: STD_ERR of components  ------------------------
        5  1  1 A  animal                        
              0.3169E+00  0.2411E+00
                          0.4719E+01
 
        7  2  1 R  wu                            
              0.1029E+02
 
        8  3  1 E  residual                      
              0.2075E+00  0.1652E+01
                          0.3375E+01
 
    ------------------------ Matrices: STD_ERR of ratios  --------------------------
        5  1  1 A  animal                        
              0.8652E-01  0.6402E-01
                          0.3572E-01
 
        7  2  1 R  wu                            
              0.6487E-01
 
        8  3  1 E  residual                      
              0.5063E-01  0.1089E+01
                          0.3264E-01
 
